MPLINK 4.31, Linker
Linker Map File - Created Mon Oct 12 17:41:42 2009

                                 Section Info
                  Section       Type    Address   Location Size(Bytes)
                ---------  ---------  ---------  ---------  ---------
               _entry_scn       code   0x000000    program   0x000006
       .code__user_putc.o       code   0x000006    program   0x000002
             rx_interrupt       code   0x000008    program   0x000006
                   .cinit    romdata   0x00000e    program   0x00001a
          .code_mojomsg.o       code   0x000028    program   0x001900
            .code_pumps.o       code   0x001928    program   0x000f32
         .code_vfprintf.o       code   0x00285a    program   0x000c22
          .code_mojocmd.o       code   0x00347c    program   0x00096c
             .code_cmds.o       code   0x003de8    program   0x00074a
          .code_CPMcmds.o       code   0x004532    program   0x00050e
            .code_ports.o       code   0x004a40    program   0x0003ca
     .code_asciiConvert.o       code   0x004e0a    program   0x0002a2
                   STRING       code   0x0050ac    program   0x000296
         .code_strtok_r.o       code   0x005342    program   0x00016c
             .stringtable    romdata   0x0054ae    program   0x000158
           .code_stokpr.o       code   0x005606    program   0x00012c
             .code_main.o       code   0x005732    program   0x0000ee
          .code_sprintf.o       code   0x005820    program   0x0000ac
               _cinit_scn       code   0x0058cc    program   0x00009e
           .code_u1open.o       code   0x00596a    program   0x000084
             .code_putc.o       code   0x0059ee    program   0x000084
        .code_isNumeric.o       code   0x005a72    program   0x00007c
          .code_fxm3232.o       code   0x005aee    program   0x000070
          .code_write_B.o       code   0x005b5e    program   0x00005c
                     PROG       code   0x005bba    program   0x00005a
                    CTYPE       code   0x005c14    program   0x000048
           .code_read_B.o       code   0x005c5c    program   0x000048
         .code_fxd3232u.o       code   0x005ca4    program   0x000048
           .code_u1read.o       code   0x005cec    program   0x00003e
           .code_t0open.o       code   0x005d2a    program   0x000038
             D10KTCYXCODE       code   0x005d62    program   0x00002e
          .code_u1write.o       code   0x005d90    program   0x00002e
             _startup_scn       code   0x005dbe    program   0x00001c
                    STDIO       code   0x005dda    program   0x00001c
      .romdata_vfprintf.o    romdata   0x005df6    program   0x000011
    .romdata__user_putc.o    romdata   0x005e07    program   0x000000
        .romdata_u1read.o    romdata   0x005e07    program   0x000000
    .idata__user_putc.o_i    romdata   0x005e07    program   0x000000
        .idata_read_B.o_i    romdata   0x005e07    program   0x000000
        .romdata_read_B.o    romdata   0x005e07    program   0x000000
        .idata_u1defs.o_i    romdata   0x005e07    program   0x000000
        .romdata_u1defs.o    romdata   0x005e07    program   0x000000
       .idata_u1write.o_i    romdata   0x005e07    program   0x000000
       .romdata_u1write.o    romdata   0x005e07    program   0x000000
       .idata_write_B.o_i    romdata   0x005e07    program   0x000000
          .romdata_putc.o    romdata   0x005e07    program   0x000000
       .romdata_write_B.o    romdata   0x005e07    program   0x000000
          .idata_putc.o_i    romdata   0x005e07    program   0x000000
       .romdata_fxm3232.o    romdata   0x005e07    program   0x000000
        .idata___init.o_i    romdata   0x005e07    program   0x000000
        .romdata___init.o    romdata   0x005e07    program   0x000000
       .idata_fxm3232.o_i    romdata   0x005e07    program   0x000000
      .romdata_fxd3232u.o    romdata   0x005e07    program   0x000000
       .idata_sprintf.o_i    romdata   0x005e07    program   0x000000
      .idata_fxd3232u.o_i    romdata   0x005e07    program   0x000000
       .romdata_sprintf.o    romdata   0x005e07    program   0x000000
      .idata_vfprintf.o_i    romdata   0x005e07    program   0x000000
        .romdata_stokpr.o    romdata   0x005e07    program   0x000000
         .idata_pumps.o_i    romdata   0x005e07    program   0x000000
         .romdata_ports.o    romdata   0x005e07    program   0x000000
         .idata_ports.o_i    romdata   0x005e07    program   0x000000
       .romdata_mojomsg.o    romdata   0x005e07    program   0x000000
     .romdata_mojoerror.o    romdata   0x005e07    program   0x000000
     .idata_mojoerror.o_i    romdata   0x005e07    program   0x000000
       .romdata_mojocmd.o    romdata   0x005e07    program   0x000000
       .idata_mojocmd.o_i    romdata   0x005e07    program   0x000000
          .romdata_main.o    romdata   0x005e07    program   0x000000
          .idata_main.o_i    romdata   0x005e07    program   0x000000
     .romdata_isNumeric.o    romdata   0x005e07    program   0x000000
     .idata_isNumeric.o_i    romdata   0x005e07    program   0x000000
          .romdata_cmds.o    romdata   0x005e07    program   0x000000
          .idata_cmds.o_i    romdata   0x005e07    program   0x000000
  .romdata_asciiConvert.o    romdata   0x005e07    program   0x000000
  .idata_asciiConvert.o_i    romdata   0x005e07    program   0x000000
         .romdata_c018i.o    romdata   0x005e07    program   0x000000
         .idata_c018i.o_i    romdata   0x005e07    program   0x000000
        .idata_u1read.o_i    romdata   0x005e07    program   0x000000
        .romdata_t0open.o    romdata   0x005e07    program   0x000000
        .idata_t0open.o_i    romdata   0x005e07    program   0x000000
        .romdata_u1open.o    romdata   0x005e07    program   0x000000
        .idata_u1open.o_i    romdata   0x005e07    program   0x000000
       .romdata_t0close.o    romdata   0x005e07    program   0x000000
       .idata_t0close.o_i    romdata   0x005e07    program   0x000000
      .romdata_busy_eep.o    romdata   0x005e07    program   0x000000
      .idata_busy_eep.o_i    romdata   0x005e07    program   0x000000
         .romdata_pumps.o    romdata   0x005e07    program   0x000000
      .idata_strtok_r.o_i    romdata   0x005e07    program   0x000000
      .romdata_strtok_r.o    romdata   0x005e07    program   0x000000
       .idata_CPMcmds.o_i    romdata   0x005e07    program   0x000000
       .romdata_CPMcmds.o    romdata   0x005e07    program   0x000000
           .code_u1defs.o       code   0x005e08    program   0x000000
                    .code       code   0x005e08    program   0x00000e
        .code_mojoerror.o       code   0x005e08    program   0x000000
            .code_c018i.o       code   0x005e08    program   0x000000
          .code_t0close.o       code   0x005e16    program   0x000006
         .code_busy_eep.o       code   0x005e1c    program   0x000006
           .code___init.o       code   0x005e22    program   0x000002
        .idata_stokpr.o_i    romdata   0x005e24    program   0x000002
       .idata_mojomsg.o_i    romdata   0x005e26    program   0x000007
    .config_300001_main.o    romdata   0x300001    program   0x000001
    .config_300003_main.o    romdata   0x300003    program   0x000001
    .config_300006_main.o    romdata   0x300006    program   0x000001
                MATH_DATA      udata   0x000000       data   0x000014
                 .tmpdata      udata   0x000014       data   0x00000a
                DELAYDAT2      udata   0x00001e       data   0x000001
                DELAYDAT1      udata   0x00001f       data   0x000001
                 sendbufs      udata   0x000100       data   0x000100
                 commands      udata   0x000200       data   0x000190
         .idata_mojomsg.o      idata   0x0003f5       data   0x000007
          .idata_stokpr.o      idata   0x0003fc       data   0x000002
          .udata_u1defs.o      udata   0x0003fe       data   0x000001
         .udata_mojomsg.o      udata   0x0003ff       data   0x000001
                 execcmds      udata   0x000400       data   0x00014a
         .udata_CPMcmds.o      udata   0x0005f1       data   0x000001
          .udata_u1open.o      udata   0x0005f2       data   0x000000
         .idata_u1write.o      idata   0x0005f2       data   0x000000
         .udata_u1write.o      udata   0x0005f2       data   0x000000
          .idata_u1defs.o      idata   0x0005f2       data   0x000000
          .idata_read_B.o      idata   0x0005f2       data   0x000000
          .udata_read_B.o      udata   0x0005f2       data   0x000000
          .idata_u1read.o      idata   0x0005f2       data   0x000000
          .udata_u1read.o      udata   0x0005f2       data   0x000000
          .idata_t0open.o      idata   0x0005f2       data   0x000000
          .udata_t0open.o      udata   0x0005f2       data   0x000000
          .idata_u1open.o      idata   0x0005f2       data   0x000000
      .idata__user_putc.o      idata   0x0005f2       data   0x000000
      .udata__user_putc.o      udata   0x0005f2       data   0x000000
            .idata_putc.o      idata   0x0005f2       data   0x000000
            .udata_putc.o      udata   0x0005f2       data   0x000000
         .idata_fxm3232.o      idata   0x0005f2       data   0x000000
         .udata_fxm3232.o      udata   0x0005f2       data   0x000000
        .idata_fxd3232u.o      idata   0x0005f2       data   0x000000
        .udata_fxd3232u.o      udata   0x0005f2       data   0x000000
        .idata_vfprintf.o      idata   0x0005f2       data   0x000000
        .udata_vfprintf.o      udata   0x0005f2       data   0x000000
          .udata_stokpr.o      udata   0x0005f2       data   0x000000
         .idata_sprintf.o      idata   0x0005f2       data   0x000000
         .udata_sprintf.o      udata   0x0005f2       data   0x000000
          .idata___init.o      idata   0x0005f2       data   0x000000
          .udata___init.o      udata   0x0005f2       data   0x000000
         .idata_write_B.o      idata   0x0005f2       data   0x000000
         .udata_write_B.o      udata   0x0005f2       data   0x000000
       .udata_isNumeric.o      udata   0x0005f2       data   0x000000
       .idata_isNumeric.o      idata   0x0005f2       data   0x000000
            .udata_main.o      udata   0x0005f2       data   0x000000
            .idata_main.o      idata   0x0005f2       data   0x000000
         .udata_mojocmd.o      udata   0x0005f2       data   0x000000
         .idata_mojocmd.o      idata   0x0005f2       data   0x000000
       .udata_mojoerror.o      udata   0x0005f2       data   0x000000
       .idata_mojoerror.o      idata   0x0005f2       data   0x000000
           .idata_c018i.o      idata   0x0005f2       data   0x000000
              message_ptr      udata   0x0005f2       data   0x000000
            .idata_cmds.o      idata   0x0005f2       data   0x000000
           .udata_ports.o      udata   0x0005f2       data   0x000000
           .idata_ports.o      idata   0x0005f2       data   0x000000
    .udata_asciiConvert.o      udata   0x0005f2       data   0x000000
           .idata_pumps.o      idata   0x0005f2       data   0x000000
        .udata_strtok_r.o      udata   0x0005f2       data   0x000000
        .idata_strtok_r.o      idata   0x0005f2       data   0x000000
         .idata_CPMcmds.o      idata   0x0005f2       data   0x000000
        .udata_busy_eep.o      udata   0x0005f2       data   0x000000
        .idata_busy_eep.o      idata   0x0005f2       data   0x000000
         .udata_t0close.o      udata   0x0005f2       data   0x000000
         .idata_t0close.o      idata   0x0005f2       data   0x000000
    .idata_asciiConvert.o      idata   0x0005f2       data   0x000000
                  msgbufs      udata   0x000600       data   0x000100
                  cmptbuf      udata   0x000700       data   0x000100
                   .stack      udata   0x000e00       data   0x000100
           .udata_pumps.o      udata   0x000f00       data   0x000033
              message_sec      udata   0x000f33       data   0x000013
            .udata_cmds.o      udata   0x000f46       data   0x000010
           .udata_c018i.o      udata   0x000f56       data   0x00000a
            SFR_UNBANKED0      udata   0x000f62       data   0x00009e



                              Program Memory Usage 
                               Start         End      
                           ---------   ---------      
                            0x000000    0x005e06      
                            0x005e08    0x005e2c      
                            0x300001    0x300001      
                            0x300003    0x300003      
                            0x300006    0x300006      
            24111 out of 132120 program addresses used, program memory utilization is 18%



                              Symbols - Sorted by Name
                     Name    Address   Location    Storage File                     
                ---------  ---------  ---------  --------- ---------                
              AddPumpTick   0x0024de    program     extern C:\Documents and Settings\hherman\My Documents\PIC\cpm-1\pumps.c
                    Blink   0x004246    program     extern C:\Documents and Settings\hherman\My Documents\PIC\cpm-1\cmds.c
                 Busy_eep   0x005e1c    program     extern C:\MCC18\src\pmc_common\EEP\busy_eep.c
                CPM2Elute   0x0049d2    program     extern C:\Documents and Settings\hherman\My Documents\PIC\cpm-1\CPMcmds.c
         CPM2LoadReagents   0x0049aa    program     extern C:\Documents and Settings\hherman\My Documents\PIC\cpm-1\CPMcmds.c
           CPM2LoadSample   0x0049b2    program     extern C:\Documents and Settings\hherman\My Documents\PIC\cpm-1\CPMcmds.c
               CPM2Manual   0x0049ba    program     extern C:\Documents and Settings\hherman\My Documents\PIC\cpm-1\CPMcmds.c
              CPM2Standby   0x0049a0    program     extern C:\Documents and Settings\hherman\My Documents\PIC\cpm-1\CPMcmds.c
                 CPM2Trap   0x0049c2    program     extern C:\Documents and Settings\hherman\My Documents\PIC\cpm-1\CPMcmds.c
                 CPM2Wash   0x0049ca    program     extern C:\Documents and Settings\hherman\My Documents\PIC\cpm-1\CPMcmds.c
                 CPMElute   0x004a3a    program     extern C:\Documents and Settings\hherman\My Documents\PIC\cpm-1\CPMcmds.c
          CPMLoadReagents   0x004a26    program     extern C:\Documents and Settings\hherman\My Documents\PIC\cpm-1\CPMcmds.c
            CPMLoadSample   0x004a2a    program     extern C:\Documents and Settings\hherman\My Documents\PIC\cpm-1\CPMcmds.c
                   CPMRun   0x0049e0    program     extern C:\Documents and Settings\hherman\My Documents\PIC\cpm-1\CPMcmds.c
                 CPMSetup   0x0049da    program     extern C:\Documents and Settings\hherman\My Documents\PIC\cpm-1\CPMcmds.c
                  CPMTrap   0x004a2e    program     extern C:\Documents and Settings\hherman\My Documents\PIC\cpm-1\CPMcmds.c
                  CPMWash   0x004a34    program     extern C:\Documents and Settings\hherman\My Documents\PIC\cpm-1\CPMcmds.c
              CloseTimer0   0x005e16    program     extern C:\MCC18\src\pmc_common\Timers\t0close.c
                   D10K_1   0x005d6e    program     static C:\MCC18\src\traditional\delays\d10ktcyx.asm
                    D10Kl   0x005d7a    program     static C:\MCC18\src\traditional\delays\d10ktcyx.asm
                    D10Kx   0x005d6c    program     static C:\MCC18\src\traditional\delays\d10ktcyx.asm
             Delay10KTCYx   0x005d62    program     extern C:\MCC18\src\traditional\delays\d10ktcyx.asm
             ExecCommands   0x0015ac    program     extern C:\Documents and Settings\hherman\My Documents\PIC\cpm-1\mojomsg.c
                 FXD3232U   0x005ca4    program     extern C:\MCC18\src\traditional\math\fxd3232u.c
                 FXM1616S   0x005bba    program     extern C:\MCC18\src\traditional\math\fxm1616s.asm
                  FXM3232   0x005aee    program     extern C:\MCC18\src\traditional\math\fxm3232.c
                   GetMsg   0x0013f0    program     extern C:\Documents and Settings\hherman\My Documents\PIC\cpm-1\mojomsg.c
                    Hello   0x0041fa    program     extern C:\Documents and Settings\hherman\My Documents\PIC\cpm-1\cmds.c
             MessageReady   0x0013ae    program     extern C:\Documents and Settings\hherman\My Documents\PIC\cpm-1\mojomsg.c
             MojoReadByte   0x0000ea    program     extern C:\Documents and Settings\hherman\My Documents\PIC\cpm-1\mojomsg.c
            MojoWriteByte   0x000028    program     extern C:\Documents and Settings\hherman\My Documents\PIC\cpm-1\mojomsg.c
          MojoWriteRamStr   0x000096    program     extern C:\Documents and Settings\hherman\My Documents\PIC\cpm-1\mojomsg.c
          MojoWriteRomStr   0x000048    program     extern C:\Documents and Settings\hherman\My Documents\PIC\cpm-1\mojomsg.c
                    MsgRx   0x0013ce    program     extern C:\Documents and Settings\hherman\My Documents\PIC\cpm-1\mojomsg.c
                 NotFound   0x003ac4    program     extern C:\Documents and Settings\hherman\My Documents\PIC\cpm-1\mojocmd.c
               Open1USART   0x00596a    program     extern C:\MCC18\src\pmc_common\USART\u1open.c
               OpenTimer0   0x005d2a    program     extern C:\MCC18\src\pmc_common\Timers\t0open.c
            PrintCommands   0x00143c    program     extern C:\Documents and Settings\hherman\My Documents\PIC\cpm-1\mojomsg.c
          PrintCurrentMsg   0x001856    program     extern C:\Documents and Settings\hherman\My Documents\PIC\cpm-1\mojomsg.c
              PumpForward   0x00249c    program     extern C:\Documents and Settings\hherman\My Documents\PIC\cpm-1\pumps.c
                 PumpIsOn   0x002414    program     extern C:\Documents and Settings\hherman\My Documents\PIC\cpm-1\pumps.c
              PumpReverse   0x00245a    program     extern C:\Documents and Settings\hherman\My Documents\PIC\cpm-1\pumps.c
               Read1USART   0x005cec    program     extern C:\MCC18\src\pmc_common\USART\u1read.c
               Read_b_eep   0x005c5c    program     extern C:\MCC18\src\pmc_common\EEP\read_B.c
          ReadyForNextMsg   0x0017ea    program     extern C:\Documents and Settings\hherman\My Documents\PIC\cpm-1\mojomsg.c
                  Respond   0x0017a2    program     extern C:\Documents and Settings\hherman\My Documents\PIC\cpm-1\mojomsg.c
                  RunPump   0x002348    program     extern C:\Documents and Settings\hherman\My Documents\PIC\cpm-1\pumps.c
            SetPumpCycles   0x0025a4    program     extern C:\Documents and Settings\hherman\My Documents\PIC\cpm-1\pumps.c
              SetPumpPins   0x0025f6    program     extern C:\Documents and Settings\hherman\My Documents\PIC\cpm-1\pumps.c
              SetPumpPort   0x0026e4    program     extern C:\Documents and Settings\hherman\My Documents\PIC\cpm-1\pumps.c
             SetPumpSpeed   0x002552    program     extern C:\Documents and Settings\hherman\My Documents\PIC\cpm-1\pumps.c
                SetupPump   0x00272e    program     extern C:\Documents and Settings\hherman\My Documents\PIC\cpm-1\pumps.c
                StartPump   0x002784    program     extern C:\Documents and Settings\hherman\My Documents\PIC\cpm-1\pumps.c
           StartPumpTimer   0x002402    program     extern C:\Documents and Settings\hherman\My Documents\PIC\cpm-1\pumps.c
                 StopPump   0x0027c8    program     extern C:\Documents and Settings\hherman\My Documents\PIC\cpm-1\pumps.c
            StopPumpTimer   0x002410    program     extern C:\Documents and Settings\hherman\My Documents\PIC\cpm-1\pumps.c
               TSIGN1616A   0x005c06    program     static C:\MCC18\src\traditional\math\fxm1616s.asm
              ValidPumpId   0x00280a    program     extern C:\Documents and Settings\hherman\My Documents\PIC\cpm-1\pumps.c
              Write1USART   0x005d90    program     extern C:\MCC18\src\pmc_common\USART\u1write.c
              Write_b_eep   0x005b5e    program     extern C:\MCC18\src\pmc_common\EEP\write_B.c
                   _2jEnd   0x00532c    program     static C:\MCC18\src\traditional\stdclib\slenpgm.asm
       _D10KTCYXCODE_0010   0x005d72    program     static C:\MCC18\src\traditional\delays\d10ktcyx.asm
       _D10KTCYXCODE_001C   0x005d7e    program     static C:\MCC18\src\traditional\delays\d10ktcyx.asm
       ___return_lbl00000   0x005b5c    program     static                          
       ___return_lbl00000   0x000004    program     static                          
       ___return_lbl00000   0x005cea    program     static                          
       ___return_lbl00001   0x005dd8    program     static                          
       ___return_lbl00002   0x005968    program     static                          
       ___return_lbl00004   0x00000c    program     static                          
               __config_0   0x300001    program     static C:\Documents and Settings\hherman\My Documents\PIC\cpm-1\main.c
               __config_1   0x300003    program     static C:\Documents and Settings\hherman\My Documents\PIC\cpm-1\main.c
               __config_2   0x300006    program     static C:\Documents and Settings\hherman\My Documents\PIC\cpm-1\main.c
                   __init   0x005e22    program     extern C:\MCC18\src\traditional\stdclib\__init.c
                   __pa_0   0x005702    program     static C:\MCC18\src\traditional\stdclib\stokpr.c
                   __pa_0   0x00319a    program     static C:\MCC18\src\traditional\stdclib\vfprintf.c
                   __pa_1   0x0031a2    program     static C:\MCC18\src\traditional\stdclib\vfprintf.c
                   __pa_1   0x005710    program     static C:\MCC18\src\traditional\stdclib\stokpr.c
                  __pa_10   0x003256    program     static C:\MCC18\src\traditional\stdclib\vfprintf.c
                  __pa_11   0x003264    program     static C:\MCC18\src\traditional\stdclib\vfprintf.c
                  __pa_12   0x00327a    program     static C:\MCC18\src\traditional\stdclib\vfprintf.c
                  __pa_13   0x003294    program     static C:\MCC18\src\traditional\stdclib\vfprintf.c
                  __pa_14   0x0032ac    program     static C:\MCC18\src\traditional\stdclib\vfprintf.c
                  __pa_15   0x0032bc    program     static C:\MCC18\src\traditional\stdclib\vfprintf.c
                  __pa_16   0x0032d2    program     static C:\MCC18\src\traditional\stdclib\vfprintf.c
                  __pa_17   0x0032e4    program     static C:\MCC18\src\traditional\stdclib\vfprintf.c
                  __pa_18   0x0032f6    program     static C:\MCC18\src\traditional\stdclib\vfprintf.c
                  __pa_19   0x003300    program     static C:\MCC18\src\traditional\stdclib\vfprintf.c
                   __pa_2   0x005724    program     static C:\MCC18\src\traditional\stdclib\stokpr.c
                   __pa_2   0x0031ac    program     static C:\MCC18\src\traditional\stdclib\vfprintf.c
                  __pa_20   0x003310    program     static C:\MCC18\src\traditional\stdclib\vfprintf.c
                  __pa_21   0x003320    program     static C:\MCC18\src\traditional\stdclib\vfprintf.c
                  __pa_22   0x003330    program     static C:\MCC18\src\traditional\stdclib\vfprintf.c
                  __pa_23   0x00333c    program     static C:\MCC18\src\traditional\stdclib\vfprintf.c
                  __pa_24   0x00334a    program     static C:\MCC18\src\traditional\stdclib\vfprintf.c
                  __pa_25   0x003352    program     static C:\MCC18\src\traditional\stdclib\vfprintf.c
                  __pa_26   0x00335c    program     static C:\MCC18\src\traditional\stdclib\vfprintf.c
                  __pa_27   0x003366    program     static C:\MCC18\src\traditional\stdclib\vfprintf.c
                  __pa_28   0x00336e    program     static C:\MCC18\src\traditional\stdclib\vfprintf.c
                  __pa_29   0x00337c    program     static C:\MCC18\src\traditional\stdclib\vfprintf.c
                   __pa_3   0x0031b6    program     static C:\MCC18\src\traditional\stdclib\vfprintf.c
                  __pa_30   0x003398    program     static C:\MCC18\src\traditional\stdclib\vfprintf.c
                  __pa_31   0x0033b2    program     static C:\MCC18\src\traditional\stdclib\vfprintf.c
                  __pa_32   0x0033cc    program     static C:\MCC18\src\traditional\stdclib\vfprintf.c
                  __pa_33   0x0033e4    program     static C:\MCC18\src\traditional\stdclib\vfprintf.c
                  __pa_34   0x0033ee    program     static C:\MCC18\src\traditional\stdclib\vfprintf.c
                  __pa_35   0x0033fc    program     static C:\MCC18\src\traditional\stdclib\vfprintf.c
                  __pa_36   0x003404    program     static C:\MCC18\src\traditional\stdclib\vfprintf.c
                  __pa_37   0x00340e    program     static C:\MCC18\src\traditional\stdclib\vfprintf.c
                  __pa_38   0x00341e    program     static C:\MCC18\src\traditional\stdclib\vfprintf.c
                  __pa_39   0x00342c    program     static C:\MCC18\src\traditional\stdclib\vfprintf.c
                   __pa_4   0x0031ce    program     static C:\MCC18\src\traditional\stdclib\vfprintf.c
                  __pa_40   0x003438    program     static C:\MCC18\src\traditional\stdclib\vfprintf.c
                  __pa_41   0x003444    program     static C:\MCC18\src\traditional\stdclib\vfprintf.c
                  __pa_42   0x00344c    program     static C:\MCC18\src\traditional\stdclib\vfprintf.c
                  __pa_43   0x003456    program     static C:\MCC18\src\traditional\stdclib\vfprintf.c
                  __pa_44   0x00345c    program     static C:\MCC18\src\traditional\stdclib\vfprintf.c
                  __pa_45   0x003466    program     static C:\MCC18\src\traditional\stdclib\vfprintf.c
                  __pa_46   0x003472    program     static C:\MCC18\src\traditional\stdclib\vfprintf.c
                   __pa_5   0x0031e2    program     static C:\MCC18\src\traditional\stdclib\vfprintf.c
                   __pa_6   0x0031fe    program     static C:\MCC18\src\traditional\stdclib\vfprintf.c
                   __pa_7   0x003208    program     static C:\MCC18\src\traditional\stdclib\vfprintf.c
                   __pa_8   0x003214    program     static C:\MCC18\src\traditional\stdclib\vfprintf.c
                   __pa_9   0x003236    program     static C:\MCC18\src\traditional\stdclib\vfprintf.c
               __string_0   0x0055fc    program     static C:\Documents and Settings\hherman\My Documents\PIC\cpm-1\CPMcmds.c
               __string_0   0x0054c8    program     static C:\Documents and Settings\hherman\My Documents\PIC\cpm-1\main.c
               __string_0   0x0054be    program     static C:\Documents and Settings\hherman\My Documents\PIC\cpm-1\cmds.c
               __string_0   0x0055f6    program     static C:\Documents and Settings\hherman\My Documents\PIC\cpm-1\mojomsg.c
               __string_0   0x00559e    program     static C:\Documents and Settings\hherman\My Documents\PIC\cpm-1\mojocmd.c
               __string_1   0x00559b    program     static C:\Documents and Settings\hherman\My Documents\PIC\cpm-1\mojocmd.c
               __string_1   0x0054b7    program     static C:\Documents and Settings\hherman\My Documents\PIC\cpm-1\cmds.c
               __string_1   0x0055f7    program     static C:\Documents and Settings\hherman\My Documents\PIC\cpm-1\CPMcmds.c
               __string_1   0x0055f4    program     static C:\Documents and Settings\hherman\My Documents\PIC\cpm-1\mojomsg.c
              __string_10   0x0055b3    program     static C:\Documents and Settings\hherman\My Documents\PIC\cpm-1\mojomsg.c
              __string_10   0x005568    program     static C:\Documents and Settings\hherman\My Documents\PIC\cpm-1\mojocmd.c
              __string_11   0x005562    program     static C:\Documents and Settings\hherman\My Documents\PIC\cpm-1\mojocmd.c
              __string_11   0x0055ac    program     static C:\Documents and Settings\hherman\My Documents\PIC\cpm-1\mojomsg.c
              __string_12   0x00555c    program     static C:\Documents and Settings\hherman\My Documents\PIC\cpm-1\mojocmd.c
              __string_12   0x0055aa    program     static C:\Documents and Settings\hherman\My Documents\PIC\cpm-1\mojomsg.c
              __string_13   0x005556    program     static C:\Documents and Settings\hherman\My Documents\PIC\cpm-1\mojocmd.c
              __string_13   0x0055a1    program     static C:\Documents and Settings\hherman\My Documents\PIC\cpm-1\mojomsg.c
              __string_14   0x005550    program     static C:\Documents and Settings\hherman\My Documents\PIC\cpm-1\mojocmd.c
              __string_15   0x00554a    program     static C:\Documents and Settings\hherman\My Documents\PIC\cpm-1\mojocmd.c
              __string_16   0x005544    program     static C:\Documents and Settings\hherman\My Documents\PIC\cpm-1\mojocmd.c
              __string_17   0x00553e    program     static C:\Documents and Settings\hherman\My Documents\PIC\cpm-1\mojocmd.c
              __string_18   0x005538    program     static C:\Documents and Settings\hherman\My Documents\PIC\cpm-1\mojocmd.c
              __string_19   0x005531    program     static C:\Documents and Settings\hherman\My Documents\PIC\cpm-1\mojocmd.c
               __string_2   0x0055f2    program     static C:\Documents and Settings\hherman\My Documents\PIC\cpm-1\mojomsg.c
               __string_2   0x005597    program     static C:\Documents and Settings\hherman\My Documents\PIC\cpm-1\mojocmd.c
               __string_2   0x0054ae    program     static C:\Documents and Settings\hherman\My Documents\PIC\cpm-1\cmds.c
              __string_20   0x00552e    program     static C:\Documents and Settings\hherman\My Documents\PIC\cpm-1\mojocmd.c
              __string_21   0x00552b    program     static C:\Documents and Settings\hherman\My Documents\PIC\cpm-1\mojocmd.c
              __string_22   0x005528    program     static C:\Documents and Settings\hherman\My Documents\PIC\cpm-1\mojocmd.c
              __string_23   0x005525    program     static C:\Documents and Settings\hherman\My Documents\PIC\cpm-1\mojocmd.c
              __string_24   0x005522    program     static C:\Documents and Settings\hherman\My Documents\PIC\cpm-1\mojocmd.c
              __string_25   0x00551f    program     static C:\Documents and Settings\hherman\My Documents\PIC\cpm-1\mojocmd.c
              __string_26   0x005519    program     static C:\Documents and Settings\hherman\My Documents\PIC\cpm-1\mojocmd.c
              __string_27   0x005512    program     static C:\Documents and Settings\hherman\My Documents\PIC\cpm-1\mojocmd.c
              __string_28   0x00550b    program     static C:\Documents and Settings\hherman\My Documents\PIC\cpm-1\mojocmd.c
              __string_29   0x005506    program     static C:\Documents and Settings\hherman\My Documents\PIC\cpm-1\mojocmd.c
               __string_3   0x0055f0    program     static C:\Documents and Settings\hherman\My Documents\PIC\cpm-1\mojomsg.c
               __string_3   0x005592    program     static C:\Documents and Settings\hherman\My Documents\PIC\cpm-1\mojocmd.c
              __string_30   0x005501    program     static C:\Documents and Settings\hherman\My Documents\PIC\cpm-1\mojocmd.c
              __string_31   0x0054fb    program     static C:\Documents and Settings\hherman\My Documents\PIC\cpm-1\mojocmd.c
              __string_32   0x0054f7    program     static C:\Documents and Settings\hherman\My Documents\PIC\cpm-1\mojocmd.c
              __string_33   0x0054ef    program     static C:\Documents and Settings\hherman\My Documents\PIC\cpm-1\mojocmd.c
              __string_34   0x0054eb    program     static C:\Documents and Settings\hherman\My Documents\PIC\cpm-1\mojocmd.c
              __string_35   0x0054e8    program     static C:\Documents and Settings\hherman\My Documents\PIC\cpm-1\mojocmd.c
              __string_36   0x0054e4    program     static C:\Documents and Settings\hherman\My Documents\PIC\cpm-1\mojocmd.c
              __string_37   0x0054da    program     static C:\Documents and Settings\hherman\My Documents\PIC\cpm-1\mojocmd.c
               __string_4   0x0055e7    program     static C:\Documents and Settings\hherman\My Documents\PIC\cpm-1\mojomsg.c
               __string_4   0x00558c    program     static C:\Documents and Settings\hherman\My Documents\PIC\cpm-1\mojocmd.c
               __string_5   0x0055e5    program     static C:\Documents and Settings\hherman\My Documents\PIC\cpm-1\mojomsg.c
               __string_5   0x005586    program     static C:\Documents and Settings\hherman\My Documents\PIC\cpm-1\mojocmd.c
               __string_6   0x005580    program     static C:\Documents and Settings\hherman\My Documents\PIC\cpm-1\mojocmd.c
               __string_6   0x0055e3    program     static C:\Documents and Settings\hherman\My Documents\PIC\cpm-1\mojomsg.c
               __string_7   0x00557a    program     static C:\Documents and Settings\hherman\My Documents\PIC\cpm-1\mojocmd.c
               __string_7   0x0055dc    program     static C:\Documents and Settings\hherman\My Documents\PIC\cpm-1\mojomsg.c
               __string_8   0x005574    program     static C:\Documents and Settings\hherman\My Documents\PIC\cpm-1\mojocmd.c
               __string_8   0x0055d4    program     static C:\Documents and Settings\hherman\My Documents\PIC\cpm-1\mojomsg.c
               __string_9   0x00556e    program     static C:\Documents and Settings\hherman\My Documents\PIC\cpm-1\mojocmd.c
               __string_9   0x0055d1    program     static C:\Documents and Settings\hherman\My Documents\PIC\cpm-1\mojomsg.c
              __tmplbl_42   0x003330    program     static                          
              __tmplbl_43   0x003178    program     static                          
              __tmplbl_44   0x00315e    program     static                          
              __tmplbl_85   0x0028b0    program     static                          
            __zero_memory   0x005e08    program     extern C:\MCC18\src\traditional\proc\p18F8722.asm
                _do_cinit   0x0058cc    program     extern C:\MCC18\src\traditional\startup\c018i.c
                   _entry   0x000000    program     extern C:\MCC18\src\traditional\startup\c018i.c
                   _false   0x005ce6    program     static                          
                 _startup   0x005dbe    program     extern C:\MCC18\src\traditional\startup\c018i.c
              _usart_putc   0x005dda    program     extern C:\MCC18\src\pmc_common\USART\_usartpc.asm
               _user_putc   0x000006    program     extern C:\MCC18\src\traditional\stdclib\_user_putc.c
                   addFxn   0x00347c    program     extern C:\Documents and Settings\hherman\My Documents\PIC\cpm-1\mojocmd.c
                     annc   0x003bb0    program     extern C:\Documents and Settings\hherman\My Documents\PIC\cpm-1\mojocmd.c
           asciiHexToBtye   0x004eea    program     extern C:\Documents and Settings\hherman\My Documents\PIC\cpm-1\asciiConvert.c
         asciiHexToNibble   0x004e0a    program     extern C:\Documents and Settings\hherman\My Documents\PIC\cpm-1\asciiConvert.c
           byteToAsciiHex   0x004f98    program     extern C:\Documents and Settings\hherman\My Documents\PIC\cpm-1\asciiConvert.c
               clear_loop   0x005e0e    program     static C:\MCC18\src\traditional\proc\p18F8722.asm
                 closeAll   0x004352    program     extern C:\Documents and Settings\hherman\My Documents\PIC\cpm-1\cmds.c
                 cmd_init   0x000566    program     extern C:\Documents and Settings\hherman\My Documents\PIC\cpm-1\mojomsg.c
                cmds_init   0x0004d8    program     extern C:\Documents and Settings\hherman\My Documents\PIC\cpm-1\mojomsg.c
                copy_loop   0x00593e    program     static                          
            copy_one_byte   0x005944    program     static                          
                     done   0x005968    program     static                          
             done_copying   0x005952    program     static                          
                    elute   0x00485c    program     extern C:\Documents and Settings\hherman\My Documents\PIC\cpm-1\CPMcmds.c
                  findFxn   0x003522    program     extern C:\Documents and Settings\hherman\My Documents\PIC\cpm-1\mojocmd.c
                  getPort   0x004a40    program     extern C:\Documents and Settings\hherman\My Documents\PIC\cpm-1\ports.c
                  getPump   0x002308    program     extern C:\Documents and Settings\hherman\My Documents\PIC\cpm-1\pumps.c
                  getTris   0x004ad0    program     extern C:\Documents and Settings\hherman\My Documents\PIC\cpm-1\ports.c
        initializeMojobus   0x001396    program     extern C:\Documents and Settings\hherman\My Documents\PIC\cpm-1\mojomsg.c
       initializeMojocmds   0x00362a    program     extern C:\Documents and Settings\hherman\My Documents\PIC\cpm-1\mojocmd.c
           initializePump   0x001928    program     extern C:\Documents and Settings\hherman\My Documents\PIC\cpm-1\pumps.c
          initializeUsart   0x0005b0    program     extern C:\Documents and Settings\hherman\My Documents\PIC\cpm-1\mojomsg.c
                isNumeric   0x005a72    program     extern C:\Documents and Settings\hherman\My Documents\PIC\cpm-1\isNumeric.c
                  isdigit   0x005c14    program     extern C:\MCC18\src\traditional\stdclib\isdigit.asm
                  isprint   0x005c38    program     extern C:\MCC18\src\traditional\stdclib\isprint.asm
                     jEnd   0x005250    program     static C:\MCC18\src\traditional\stdclib\strlen.asm
                     jEnd   0x0052b6    program     static C:\MCC18\src\traditional\stdclib\spbrkrp.asm
                     jEnd   0x005234    program     static C:\MCC18\src\traditional\stdclib\scpyp2r.asm
                     jEnd   0x0051ac    program     static C:\MCC18\src\traditional\stdclib\strcmp.asm
                     jEnd   0x00516e    program     static C:\MCC18\src\traditional\stdclib\schrpgm.asm
                     jEnd   0x005278    program     static C:\MCC18\src\traditional\stdclib\strchr.asm
                     jEnd   0x00512a    program     static C:\MCC18\src\traditional\stdclib\scatp2r.asm
                     jEnd   0x00532e    program     static C:\MCC18\src\traditional\stdclib\slenpgm.asm
                  jInner1   0x0052ee    program     static C:\MCC18\src\traditional\stdclib\sspnrp.asm
                  jInner1   0x0052a8    program     static C:\MCC18\src\traditional\stdclib\spbrkrp.asm
               jInnerLoop   0x0052e4    program     static C:\MCC18\src\traditional\stdclib\sspnrp.asm
               jInnerLoop   0x00529c    program     static C:\MCC18\src\traditional\stdclib\spbrkrp.asm
                    jLoop   0x005316    program     static C:\MCC18\src\traditional\stdclib\slenpgm.asm
                    jLoop   0x005120    program     static C:\MCC18\src\traditional\stdclib\scatp2r.asm
                    jLoop   0x0050da    program     static C:\MCC18\src\traditional\stdclib\strcat.asm
                    jLoop   0x00513e    program     static C:\MCC18\src\traditional\stdclib\schrpgm.asm
                    jLoop   0x00525e    program     static C:\MCC18\src\traditional\stdclib\strchr.asm
                    jLoop   0x005246    program     static C:\MCC18\src\traditional\stdclib\strlen.asm
                    jLoop   0x0051a2    program     static C:\MCC18\src\traditional\stdclib\strcmp.asm
                    jLoop   0x00522a    program     static C:\MCC18\src\traditional\stdclib\scpyp2r.asm
                    jLoop   0x0051ea    program     static C:\MCC18\src\traditional\stdclib\strcpy.asm
                   jMatch   0x005270    program     static C:\MCC18\src\traditional\stdclib\strchr.asm
                   jMatch   0x0052ae    program     static C:\MCC18\src\traditional\stdclib\spbrkrp.asm
                   jMatch   0x005c34    program     static C:\MCC18\src\traditional\stdclib\isdigit.asm
                   jMatch   0x00515c    program     static C:\MCC18\src\traditional\stdclib\schrpgm.asm
                   jMatch   0x005c58    program     static C:\MCC18\src\traditional\stdclib\isprint.asm
                 jNoMatch   0x005c36    program     static C:\MCC18\src\traditional\stdclib\isdigit.asm
                 jNoMatch   0x005c5a    program     static C:\MCC18\src\traditional\stdclib\isprint.asm
                 jNoMatch   0x0052f6    program     static C:\MCC18\src\traditional\stdclib\sspnrp.asm
                    jNull   0x0052b8    program     static C:\MCC18\src\traditional\stdclib\spbrkrp.asm
                    jNull   0x0052f6    program     static C:\MCC18\src\traditional\stdclib\sspnrp.asm
                jNullLoop   0x0050d4    program     static C:\MCC18\src\traditional\stdclib\strcat.asm
                jNullLoop   0x00511a    program     static C:\MCC18\src\traditional\stdclib\scatp2r.asm
               jOuterLoop   0x0052d2    program     static C:\MCC18\src\traditional\stdclib\sspnrp.asm
               jOuterLoop   0x00528a    program     static C:\MCC18\src\traditional\stdclib\spbrkrp.asm
             loadReagents   0x0045d4    program     extern C:\Documents and Settings\hherman\My Documents\PIC\cpm-1\CPMcmds.c
               loadSample   0x004532    program     extern C:\Documents and Settings\hherman\My Documents\PIC\cpm-1\CPMcmds.c
                     loop   0x005dce    program     static                          
                     loop   0x005cb2    program     static                          
                     loop   0x005dea    program     static C:\MCC18\src\pmc_common\USART\_usartpc.asm
                     main   0x005732    program     extern C:\Documents and Settings\hherman\My Documents\PIC\cpm-1\main.c
                   manual   0x0048fe    program     extern C:\Documents and Settings\hherman\My Documents\PIC\cpm-1\CPMcmds.c
            msgAddCommand   0x000c70    program     extern C:\Documents and Settings\hherman\My Documents\PIC\cpm-1\mojomsg.c
                 msgCheck   0x0007c0    program     extern C:\Documents and Settings\hherman\My Documents\PIC\cpm-1\mojomsg.c
              msgCpyFinal   0x000484    program     extern C:\Documents and Settings\hherman\My Documents\PIC\cpm-1\mojomsg.c
                 msgForMe   0x000660    program     extern C:\Documents and Settings\hherman\My Documents\PIC\cpm-1\mojomsg.c
          msgGetsResponse   0x000f58    program     extern C:\Documents and Settings\hherman\My Documents\PIC\cpm-1\mojomsg.c
                msgIncPtr   0x000380    program     extern C:\Documents and Settings\hherman\My Documents\PIC\cpm-1\mojomsg.c
                  msgInit   0x000120    program     extern C:\Documents and Settings\hherman\My Documents\PIC\cpm-1\mojomsg.c
                 msgIs2nd   0x000724    program     extern C:\Documents and Settings\hherman\My Documents\PIC\cpm-1\mojomsg.c
            msgIsComplete   0x00078c    program     extern C:\Documents and Settings\hherman\My Documents\PIC\cpm-1\mojomsg.c
               msgIsFirst   0x0006f2    program     extern C:\Documents and Settings\hherman\My Documents\PIC\cpm-1\mojomsg.c
                 msgIsNew   0x000758    program     extern C:\Documents and Settings\hherman\My Documents\PIC\cpm-1\mojomsg.c
             msgIsWaiting   0x0006c0    program     extern C:\Documents and Settings\hherman\My Documents\PIC\cpm-1\mojomsg.c
             msgParseAddr   0x00092a    program     extern C:\Documents and Settings\hherman\My Documents\PIC\cpm-1\mojomsg.c
          msgParseForCmds   0x000b04    program     extern C:\Documents and Settings\hherman\My Documents\PIC\cpm-1\mojomsg.c
        msgReadAddrEEPROM   0x000108    program     extern C:\Documents and Settings\hherman\My Documents\PIC\cpm-1\mojomsg.c
                msgRecEnd   0x000606    program     extern C:\Documents and Settings\hherman\My Documents\PIC\cpm-1\mojomsg.c
              msgRecStart   0x0005ca    program     extern C:\Documents and Settings\hherman\My Documents\PIC\cpm-1\mojomsg.c
      msgRemoveTrailingCR   0x00035c    program     extern C:\Documents and Settings\hherman\My Documents\PIC\cpm-1\mojomsg.c
                 msgReset   0x000240    program     extern C:\Documents and Settings\hherman\My Documents\PIC\cpm-1\mojomsg.c
          msgSetRespParam   0x001294    program     extern C:\Documents and Settings\hherman\My Documents\PIC\cpm-1\mojomsg.c
        msgState2Complete   0x00045c    program     extern C:\Documents and Settings\hherman\My Documents\PIC\cpm-1\mojomsg.c
             msgState2New   0x000434    program     extern C:\Documents and Settings\hherman\My Documents\PIC\cpm-1\mojomsg.c
          msgState2Rec2nd   0x00040c    program     extern C:\Documents and Settings\hherman\My Documents\PIC\cpm-1\mojomsg.c
        msgState2RecFirst   0x0003e4    program     extern C:\Documents and Settings\hherman\My Documents\PIC\cpm-1\mojomsg.c
         msgState2Waiting   0x0003be    program     extern C:\Documents and Settings\hherman\My Documents\PIC\cpm-1\mojomsg.c
           msgStoreRxByte   0x000304    program     extern C:\Documents and Settings\hherman\My Documents\PIC\cpm-1\mojomsg.c
                  openAll   0x0042a0    program     extern C:\Documents and Settings\hherman\My Documents\PIC\cpm-1\cmds.c
             pmpSetCycles   0x001b1e    program     extern C:\Documents and Settings\hherman\My Documents\PIC\cpm-1\pumps.c
               pmpSetPin1   0x001ba4    program     extern C:\Documents and Settings\hherman\My Documents\PIC\cpm-1\pumps.c
               pmpSetPin2   0x001bce    program     extern C:\Documents and Settings\hherman\My Documents\PIC\cpm-1\pumps.c
               pmpSetPin3   0x001bf8    program     extern C:\Documents and Settings\hherman\My Documents\PIC\cpm-1\pumps.c
               pmpSetPort   0x001b4e    program     extern C:\Documents and Settings\hherman\My Documents\PIC\cpm-1\pumps.c
              pmpSetSpeed   0x001aee    program     extern C:\Documents and Settings\hherman\My Documents\PIC\cpm-1\pumps.c
           pumpCyclesLeft   0x00227a    program     extern C:\Documents and Settings\hherman\My Documents\PIC\cpm-1\pumps.c
              pumpForward   0x001a50    program     extern C:\Documents and Settings\hherman\My Documents\PIC\cpm-1\pumps.c
            pumpIncCylces   0x001c54    program     extern C:\Documents and Settings\hherman\My Documents\PIC\cpm-1\pumps.c
                 pumpIsOn   0x001c22    program     extern C:\Documents and Settings\hherman\My Documents\PIC\cpm-1\pumps.c
        pumpIsReadyToStep   0x00220a    program     extern C:\Documents and Settings\hherman\My Documents\PIC\cpm-1\pumps.c
              pumpReverse   0x001a76    program     extern C:\Documents and Settings\hherman\My Documents\PIC\cpm-1\pumps.c
                     putc   0x0059ee    program     extern C:\MCC18\src\traditional\stdclib\putc.c
               rx_handler   0x005760    program     extern C:\Documents and Settings\hherman\My Documents\PIC\cpm-1\main.c
                   rx_int   0x000008    program     extern C:\Documents and Settings\hherman\My Documents\PIC\cpm-1\main.c
                 s_digits   0x005df6    program     static C:\MCC18\src\traditional\stdclib\vfprintf.c
            s_put_n_chars   0x00285a    program     static C:\MCC18\src\traditional\stdclib\vfprintf.c
         setBitFromSParam   0x004ccc    program     extern C:\Documents and Settings\hherman\My Documents\PIC\cpm-1\ports.c
               setBitHigh   0x004b62    program     extern C:\Documents and Settings\hherman\My Documents\PIC\cpm-1\ports.c
                setBitLow   0x004bda    program     extern C:\Documents and Settings\hherman\My Documents\PIC\cpm-1\ports.c
             setBitToggle   0x004c54    program     extern C:\Documents and Settings\hherman\My Documents\PIC\cpm-1\ports.c
               setErrResp   0x003de8    program     extern C:\Documents and Settings\hherman\My Documents\PIC\cpm-1\cmds.c
                     setR   0x004404    program     extern C:\Documents and Settings\hherman\My Documents\PIC\cpm-1\cmds.c
                    setid   0x003c82    program     extern C:\Documents and Settings\hherman\My Documents\PIC\cpm-1\mojocmd.c
                  setport   0x003e2a    program     extern C:\Documents and Settings\hherman\My Documents\PIC\cpm-1\cmds.c
                  settris   0x004022    program     extern C:\Documents and Settings\hherman\My Documents\PIC\cpm-1\cmds.c
                    setup   0x0057f8    program     extern C:\Documents and Settings\hherman\My Documents\PIC\cpm-1\main.c
                  sprintf   0x005820    program     extern C:\MCC18\src\traditional\stdclib\sprintf.c
                  standby   0x004676    program     extern C:\Documents and Settings\hherman\My Documents\PIC\cpm-1\CPMcmds.c
                 stepPump   0x001c7c    program     extern C:\Documents and Settings\hherman\My Documents\PIC\cpm-1\pumps.c
                   strcat   0x0050ac    program     extern C:\MCC18\src\traditional\stdclib\strcat.asm
            strcatpgm2ram   0x0050f4    program     extern C:\MCC18\src\traditional\stdclib\scatp2r.asm
                   strchr   0x005252    program     extern C:\MCC18\src\traditional\stdclib\strchr.asm
                strchrpgm   0x00512c    program     extern C:\MCC18\src\traditional\stdclib\schrpgm.asm
                   strcmp   0x005182    program     extern C:\MCC18\src\traditional\stdclib\strcmp.asm
                   strcpy   0x0051c2    program     extern C:\MCC18\src\traditional\stdclib\strcpy.asm
            strcpypgm2ram   0x005204    program     extern C:\MCC18\src\traditional\stdclib\scpyp2r.asm
                   strlen   0x005236    program     extern C:\MCC18\src\traditional\stdclib\strlen.asm
                strlenpgm   0x0052f8    program     extern C:\MCC18\src\traditional\stdclib\slenpgm.asm
            strpbrkrampgm   0x00527a    program     extern C:\MCC18\src\traditional\stdclib\spbrkrp.asm
             strspnrampgm   0x0052be    program     extern C:\MCC18\src\traditional\stdclib\sspnrp.asm
                 strtok_r   0x005342    program     extern C:\Documents and Settings\hherman\My Documents\PIC\cpm-1\strtok_r.c
             strtokpgmram   0x005606    program     extern C:\MCC18\src\traditional\stdclib\stokpr.c
                     test   0x0058e6    program     static                          
                     trap   0x004718    program     extern C:\Documents and Settings\hherman\My Documents\PIC\cpm-1\CPMcmds.c
              turnOffPump   0x001ac6    program     extern C:\Documents and Settings\hherman\My Documents\PIC\cpm-1\pumps.c
               turnOnPump   0x001a9e    program     extern C:\Documents and Settings\hherman\My Documents\PIC\cpm-1\pumps.c
                 vfprintf   0x002886    program     extern C:\MCC18\src\traditional\stdclib\vfprintf.c
                     wash   0x0047ba    program     extern C:\Documents and Settings\hherman\My Documents\PIC\cpm-1\CPMcmds.c
                      who   0x003b10    program     extern C:\Documents and Settings\hherman\My Documents\PIC\cpm-1\mojocmd.c
             writeFromRam   0x0018e2    program     extern C:\Documents and Settings\hherman\My Documents\PIC\cpm-1\mojomsg.c
             writeFromRom   0x001878    program     extern C:\Documents and Settings\hherman\My Documents\PIC\cpm-1\mojomsg.c
                   ADCON0   0x000fc2       data     extern C:\MCC18\src\traditional\proc\p18F8722.asm
               ADCON0bits   0x000fc2       data     extern C:\MCC18\src\traditional\proc\p18F8722.asm
                   ADCON1   0x000fc1       data     extern C:\MCC18\src\traditional\proc\p18F8722.asm
               ADCON1bits   0x000fc1       data     extern C:\MCC18\src\traditional\proc\p18F8722.asm
                   ADCON2   0x000fc0       data     extern C:\MCC18\src\traditional\proc\p18F8722.asm
               ADCON2bits   0x000fc0       data     extern C:\MCC18\src\traditional\proc\p18F8722.asm
                    ADRES   0x000fc3       data     extern C:\MCC18\src\traditional\proc\p18F8722.asm
                   ADRESH   0x000fc4       data     extern C:\MCC18\src\traditional\proc\p18F8722.asm
                   ADRESL   0x000fc3       data     extern C:\MCC18\src\traditional\proc\p18F8722.asm
                  BAUDCON   0x000f7e       data     extern C:\MCC18\src\traditional\proc\p18F8722.asm
                 BAUDCON1   0x000f7e       data     extern C:\MCC18\src\traditional\proc\p18F8722.asm
             BAUDCON1bits   0x000f7e       data     extern C:\MCC18\src\traditional\proc\p18F8722.asm
                 BAUDCON2   0x000f7c       data     extern C:\MCC18\src\traditional\proc\p18F8722.asm
             BAUDCON2bits   0x000f7c       data     extern C:\MCC18\src\traditional\proc\p18F8722.asm
              BAUDCONbits   0x000f7e       data     extern C:\MCC18\src\traditional\proc\p18F8722.asm
                      BSR   0x000fe0       data     extern C:\MCC18\src\traditional\proc\p18F8722.asm
                  CCP1CON   0x000fbd       data     extern C:\MCC18\src\traditional\proc\p18F8722.asm
              CCP1CONbits   0x000fbd       data     extern C:\MCC18\src\traditional\proc\p18F8722.asm
                  CCP2CON   0x000fba       data     extern C:\MCC18\src\traditional\proc\p18F8722.asm
              CCP2CONbits   0x000fba       data     extern C:\MCC18\src\traditional\proc\p18F8722.asm
                  CCP3CON   0x000fb7       data     extern C:\MCC18\src\traditional\proc\p18F8722.asm
              CCP3CONbits   0x000fb7       data     extern C:\MCC18\src\traditional\proc\p18F8722.asm
                  CCP4CON   0x000f73       data     extern C:\MCC18\src\traditional\proc\p18F8722.asm
              CCP4CONbits   0x000f73       data     extern C:\MCC18\src\traditional\proc\p18F8722.asm
                  CCP5CON   0x000f70       data     extern C:\MCC18\src\traditional\proc\p18F8722.asm
              CCP5CONbits   0x000f70       data     extern C:\MCC18\src\traditional\proc\p18F8722.asm
                    CCPR1   0x000fbe       data     extern C:\MCC18\src\traditional\proc\p18F8722.asm
                   CCPR1H   0x000fbf       data     extern C:\MCC18\src\traditional\proc\p18F8722.asm
                   CCPR1L   0x000fbe       data     extern C:\MCC18\src\traditional\proc\p18F8722.asm
                    CCPR2   0x000fbb       data     extern C:\MCC18\src\traditional\proc\p18F8722.asm
                   CCPR2H   0x000fbc       data     extern C:\MCC18\src\traditional\proc\p18F8722.asm
                   CCPR2L   0x000fbb       data     extern C:\MCC18\src\traditional\proc\p18F8722.asm
                    CCPR3   0x000fb8       data     extern C:\MCC18\src\traditional\proc\p18F8722.asm
                   CCPR3H   0x000fb9       data     extern C:\MCC18\src\traditional\proc\p18F8722.asm
                   CCPR3L   0x000fb8       data     extern C:\MCC18\src\traditional\proc\p18F8722.asm
                    CCPR4   0x000f74       data     extern C:\MCC18\src\traditional\proc\p18F8722.asm
                   CCPR4H   0x000f75       data     extern C:\MCC18\src\traditional\proc\p18F8722.asm
                   CCPR4L   0x000f74       data     extern C:\MCC18\src\traditional\proc\p18F8722.asm
                    CCPR5   0x000f71       data     extern C:\MCC18\src\traditional\proc\p18F8722.asm
                   CCPR5H   0x000f72       data     extern C:\MCC18\src\traditional\proc\p18F8722.asm
                   CCPR5L   0x000f71       data     extern C:\MCC18\src\traditional\proc\p18F8722.asm
                    CMCON   0x000fb4       data     extern C:\MCC18\src\traditional\proc\p18F8722.asm
                CMCONbits   0x000fb4       data     extern C:\MCC18\src\traditional\proc\p18F8722.asm
                   CVRCON   0x000fb5       data     extern C:\MCC18\src\traditional\proc\p18F8722.asm
               CVRCONbits   0x000fb5       data     extern C:\MCC18\src\traditional\proc\p18F8722.asm
                     DDRA   0x000f92       data     extern C:\MCC18\src\traditional\proc\p18F8722.asm
                 DDRAbits   0x000f92       data     extern C:\MCC18\src\traditional\proc\p18F8722.asm
                     DDRB   0x000f93       data     extern C:\MCC18\src\traditional\proc\p18F8722.asm
                 DDRBbits   0x000f93       data     extern C:\MCC18\src\traditional\proc\p18F8722.asm
                     DDRC   0x000f94       data     extern C:\MCC18\src\traditional\proc\p18F8722.asm
                 DDRCbits   0x000f94       data     extern C:\MCC18\src\traditional\proc\p18F8722.asm
                     DDRD   0x000f95       data     extern C:\MCC18\src\traditional\proc\p18F8722.asm
                 DDRDbits   0x000f95       data     extern C:\MCC18\src\traditional\proc\p18F8722.asm
                     DDRE   0x000f96       data     extern C:\MCC18\src\traditional\proc\p18F8722.asm
                 DDREbits   0x000f96       data     extern C:\MCC18\src\traditional\proc\p18F8722.asm
                     DDRF   0x000f97       data     extern C:\MCC18\src\traditional\proc\p18F8722.asm
                 DDRFbits   0x000f97       data     extern C:\MCC18\src\traditional\proc\p18F8722.asm
                     DDRG   0x000f98       data     extern C:\MCC18\src\traditional\proc\p18F8722.asm
                 DDRGbits   0x000f98       data     extern C:\MCC18\src\traditional\proc\p18F8722.asm
                     DDRH   0x000f99       data     extern C:\MCC18\src\traditional\proc\p18F8722.asm
                 DDRHbits   0x000f99       data     extern C:\MCC18\src\traditional\proc\p18F8722.asm
                     DDRJ   0x000f9a       data     extern C:\MCC18\src\traditional\proc\p18F8722.asm
                 DDRJbits   0x000f9a       data     extern C:\MCC18\src\traditional\proc\p18F8722.asm
            DelayCounter1   0x00001f       data     extern C:\MCC18\src\traditional\delays\delayd1.asm
            DelayCounter2   0x00001e       data     extern C:\MCC18\src\traditional\delays\delayd2.asm
                  ECCP1AS   0x000fb6       data     extern C:\MCC18\src\traditional\proc\p18F8722.asm
              ECCP1ASbits   0x000fb6       data     extern C:\MCC18\src\traditional\proc\p18F8722.asm
                 ECCP1CON   0x000fbd       data     extern C:\MCC18\src\traditional\proc\p18F8722.asm
             ECCP1CONbits   0x000fbd       data     extern C:\MCC18\src\traditional\proc\p18F8722.asm
                 ECCP1DEL   0x000f79       data     extern C:\MCC18\src\traditional\proc\p18F8722.asm
             ECCP1DELbits   0x000f79       data     extern C:\MCC18\src\traditional\proc\p18F8722.asm
                  ECCP2AS   0x000f68       data     extern C:\MCC18\src\traditional\proc\p18F8722.asm
              ECCP2ASbits   0x000f68       data     extern C:\MCC18\src\traditional\proc\p18F8722.asm
                 ECCP2CON   0x000fba       data     extern C:\MCC18\src\traditional\proc\p18F8722.asm
             ECCP2CONbits   0x000fba       data     extern C:\MCC18\src\traditional\proc\p18F8722.asm
                 ECCP2DEL   0x000f67       data     extern C:\MCC18\src\traditional\proc\p18F8722.asm
             ECCP2DELbits   0x000f67       data     extern C:\MCC18\src\traditional\proc\p18F8722.asm
                  ECCP3AS   0x000f6a       data     extern C:\MCC18\src\traditional\proc\p18F8722.asm
              ECCP3ASbits   0x000f6a       data     extern C:\MCC18\src\traditional\proc\p18F8722.asm
                 ECCP3CON   0x000fb7       data     extern C:\MCC18\src\traditional\proc\p18F8722.asm
             ECCP3CONbits   0x000fb7       data     extern C:\MCC18\src\traditional\proc\p18F8722.asm
                 ECCP3DEL   0x000f69       data     extern C:\MCC18\src\traditional\proc\p18F8722.asm
             ECCP3DELbits   0x000f69       data     extern C:\MCC18\src\traditional\proc\p18F8722.asm
                    EEADR   0x000fa9       data     extern C:\MCC18\src\traditional\proc\p18F8722.asm
                   EEADRH   0x000faa       data     extern C:\MCC18\src\traditional\proc\p18F8722.asm
                   EECON1   0x000fa6       data     extern C:\MCC18\src\traditional\proc\p18F8722.asm
               EECON1bits   0x000fa6       data     extern C:\MCC18\src\traditional\proc\p18F8722.asm
                   EECON2   0x000fa7       data     extern C:\MCC18\src\traditional\proc\p18F8722.asm
                   EEDATA   0x000fa8       data     extern C:\MCC18\src\traditional\proc\p18F8722.asm
                     FSR0   0x000fe9       data     extern C:\MCC18\src\traditional\proc\p18F8722.asm
                    FSR0H   0x000fea       data     extern C:\MCC18\src\traditional\proc\p18F8722.asm
                    FSR0L   0x000fe9       data     extern C:\MCC18\src\traditional\proc\p18F8722.asm
                     FSR1   0x000fe1       data     extern C:\MCC18\src\traditional\proc\p18F8722.asm
                    FSR1H   0x000fe2       data     extern C:\MCC18\src\traditional\proc\p18F8722.asm
                    FSR1L   0x000fe1       data     extern C:\MCC18\src\traditional\proc\p18F8722.asm
                     FSR2   0x000fd9       data     extern C:\MCC18\src\traditional\proc\p18F8722.asm
                    FSR2H   0x000fda       data     extern C:\MCC18\src\traditional\proc\p18F8722.asm
                    FSR2L   0x000fd9       data     extern C:\MCC18\src\traditional\proc\p18F8722.asm
                  HLVDCON   0x000fd2       data     extern C:\MCC18\src\traditional\proc\p18F8722.asm
              HLVDCONbits   0x000fd2       data     extern C:\MCC18\src\traditional\proc\p18F8722.asm
                    INDF0   0x000fef       data     extern C:\MCC18\src\traditional\proc\p18F8722.asm
                    INDF1   0x000fe7       data     extern C:\MCC18\src\traditional\proc\p18F8722.asm
                    INDF2   0x000fdf       data     extern C:\MCC18\src\traditional\proc\p18F8722.asm
                   INTCON   0x000ff2       data     extern C:\MCC18\src\traditional\proc\p18F8722.asm
                  INTCON2   0x000ff1       data     extern C:\MCC18\src\traditional\proc\p18F8722.asm
              INTCON2bits   0x000ff1       data     extern C:\MCC18\src\traditional\proc\p18F8722.asm
                  INTCON3   0x000ff0       data     extern C:\MCC18\src\traditional\proc\p18F8722.asm
              INTCON3bits   0x000ff0       data     extern C:\MCC18\src\traditional\proc\p18F8722.asm
               INTCONbits   0x000ff2       data     extern C:\MCC18\src\traditional\proc\p18F8722.asm
                     IPR1   0x000f9f       data     extern C:\MCC18\src\traditional\proc\p18F8722.asm
                 IPR1bits   0x000f9f       data     extern C:\MCC18\src\traditional\proc\p18F8722.asm
                     IPR2   0x000fa2       data     extern C:\MCC18\src\traditional\proc\p18F8722.asm
                 IPR2bits   0x000fa2       data     extern C:\MCC18\src\traditional\proc\p18F8722.asm
                     IPR3   0x000fa5       data     extern C:\MCC18\src\traditional\proc\p18F8722.asm
                 IPR3bits   0x000fa5       data     extern C:\MCC18\src\traditional\proc\p18F8722.asm
                     LATA   0x000f89       data     extern C:\MCC18\src\traditional\proc\p18F8722.asm
                 LATAbits   0x000f89       data     extern C:\MCC18\src\traditional\proc\p18F8722.asm
                     LATB   0x000f8a       data     extern C:\MCC18\src\traditional\proc\p18F8722.asm
                 LATBbits   0x000f8a       data     extern C:\MCC18\src\traditional\proc\p18F8722.asm
                     LATC   0x000f8b       data     extern C:\MCC18\src\traditional\proc\p18F8722.asm
                 LATCbits   0x000f8b       data     extern C:\MCC18\src\traditional\proc\p18F8722.asm
                     LATD   0x000f8c       data     extern C:\MCC18\src\traditional\proc\p18F8722.asm
                 LATDbits   0x000f8c       data     extern C:\MCC18\src\traditional\proc\p18F8722.asm
                     LATE   0x000f8d       data     extern C:\MCC18\src\traditional\proc\p18F8722.asm
                 LATEbits   0x000f8d       data     extern C:\MCC18\src\traditional\proc\p18F8722.asm
                     LATF   0x000f8e       data     extern C:\MCC18\src\traditional\proc\p18F8722.asm
                 LATFbits   0x000f8e       data     extern C:\MCC18\src\traditional\proc\p18F8722.asm
                     LATG   0x000f8f       data     extern C:\MCC18\src\traditional\proc\p18F8722.asm
                 LATGbits   0x000f8f       data     extern C:\MCC18\src\traditional\proc\p18F8722.asm
                     LATH   0x000f90       data     extern C:\MCC18\src\traditional\proc\p18F8722.asm
                 LATHbits   0x000f90       data     extern C:\MCC18\src\traditional\proc\p18F8722.asm
                     LATJ   0x000f91       data     extern C:\MCC18\src\traditional\proc\p18F8722.asm
                 LATJbits   0x000f91       data     extern C:\MCC18\src\traditional\proc\p18F8722.asm
                   LVDCON   0x000fd2       data     extern C:\MCC18\src\traditional\proc\p18F8722.asm
               LVDCONbits   0x000fd2       data     extern C:\MCC18\src\traditional\proc\p18F8722.asm
                   MEMCON   0x000f9c       data     extern C:\MCC18\src\traditional\proc\p18F8722.asm
               MEMCONbits   0x000f9c       data     extern C:\MCC18\src\traditional\proc\p18F8722.asm
                   OSCCON   0x000fd3       data     extern C:\MCC18\src\traditional\proc\p18F8722.asm
               OSCCONbits   0x000fd3       data     extern C:\MCC18\src\traditional\proc\p18F8722.asm
                  OSCTUNE   0x000f9b       data     extern C:\MCC18\src\traditional\proc\p18F8722.asm
              OSCTUNEbits   0x000f9b       data     extern C:\MCC18\src\traditional\proc\p18F8722.asm
                       PC   0x000ff9       data     extern C:\MCC18\src\traditional\proc\p18F8722.asm
                      PCL   0x000ff9       data     extern C:\MCC18\src\traditional\proc\p18F8722.asm
                   PCLATH   0x000ffa       data     extern C:\MCC18\src\traditional\proc\p18F8722.asm
                   PCLATU   0x000ffb       data     extern C:\MCC18\src\traditional\proc\p18F8722.asm
                     PIE1   0x000f9d       data     extern C:\MCC18\src\traditional\proc\p18F8722.asm
                 PIE1bits   0x000f9d       data     extern C:\MCC18\src\traditional\proc\p18F8722.asm
                     PIE2   0x000fa0       data     extern C:\MCC18\src\traditional\proc\p18F8722.asm
                 PIE2bits   0x000fa0       data     extern C:\MCC18\src\traditional\proc\p18F8722.asm
                     PIE3   0x000fa3       data     extern C:\MCC18\src\traditional\proc\p18F8722.asm
                 PIE3bits   0x000fa3       data     extern C:\MCC18\src\traditional\proc\p18F8722.asm
                     PIR1   0x000f9e       data     extern C:\MCC18\src\traditional\proc\p18F8722.asm
                 PIR1bits   0x000f9e       data     extern C:\MCC18\src\traditional\proc\p18F8722.asm
                     PIR2   0x000fa1       data     extern C:\MCC18\src\traditional\proc\p18F8722.asm
                 PIR2bits   0x000fa1       data     extern C:\MCC18\src\traditional\proc\p18F8722.asm
                     PIR3   0x000fa4       data     extern C:\MCC18\src\traditional\proc\p18F8722.asm
                 PIR3bits   0x000fa4       data     extern C:\MCC18\src\traditional\proc\p18F8722.asm
                   PLUSW0   0x000feb       data     extern C:\MCC18\src\traditional\proc\p18F8722.asm
                   PLUSW1   0x000fe3       data     extern C:\MCC18\src\traditional\proc\p18F8722.asm
                   PLUSW2   0x000fdb       data     extern C:\MCC18\src\traditional\proc\p18F8722.asm
                    PORTA   0x000f80       data     extern C:\MCC18\src\traditional\proc\p18F8722.asm
                PORTAbits   0x000f80       data     extern C:\MCC18\src\traditional\proc\p18F8722.asm
                    PORTB   0x000f81       data     extern C:\MCC18\src\traditional\proc\p18F8722.asm
                PORTBbits   0x000f81       data     extern C:\MCC18\src\traditional\proc\p18F8722.asm
                    PORTC   0x000f82       data     extern C:\MCC18\src\traditional\proc\p18F8722.asm
                PORTCbits   0x000f82       data     extern C:\MCC18\src\traditional\proc\p18F8722.asm
                    PORTD   0x000f83       data     extern C:\MCC18\src\traditional\proc\p18F8722.asm
                PORTDbits   0x000f83       data     extern C:\MCC18\src\traditional\proc\p18F8722.asm
                    PORTE   0x000f84       data     extern C:\MCC18\src\traditional\proc\p18F8722.asm
                PORTEbits   0x000f84       data     extern C:\MCC18\src\traditional\proc\p18F8722.asm
                    PORTF   0x000f85       data     extern C:\MCC18\src\traditional\proc\p18F8722.asm
                PORTFbits   0x000f85       data     extern C:\MCC18\src\traditional\proc\p18F8722.asm
                    PORTG   0x000f86       data     extern C:\MCC18\src\traditional\proc\p18F8722.asm
                PORTGbits   0x000f86       data     extern C:\MCC18\src\traditional\proc\p18F8722.asm
                    PORTH   0x000f87       data     extern C:\MCC18\src\traditional\proc\p18F8722.asm
                PORTHbits   0x000f87       data     extern C:\MCC18\src\traditional\proc\p18F8722.asm
                    PORTJ   0x000f88       data     extern C:\MCC18\src\traditional\proc\p18F8722.asm
                PORTJbits   0x000f88       data     extern C:\MCC18\src\traditional\proc\p18F8722.asm
                 POSTDEC0   0x000fed       data     extern C:\MCC18\src\traditional\proc\p18F8722.asm
                 POSTDEC1   0x000fe5       data     extern C:\MCC18\src\traditional\proc\p18F8722.asm
                 POSTDEC2   0x000fdd       data     extern C:\MCC18\src\traditional\proc\p18F8722.asm
                 POSTINC0   0x000fee       data     extern C:\MCC18\src\traditional\proc\p18F8722.asm
                 POSTINC1   0x000fe6       data     extern C:\MCC18\src\traditional\proc\p18F8722.asm
                 POSTINC2   0x000fde       data     extern C:\MCC18\src\traditional\proc\p18F8722.asm
                      PR2   0x000fcb       data     extern C:\MCC18\src\traditional\proc\p18F8722.asm
                      PR4   0x000f77       data     extern C:\MCC18\src\traditional\proc\p18F8722.asm
                  PREINC0   0x000fec       data     extern C:\MCC18\src\traditional\proc\p18F8722.asm
                  PREINC1   0x000fe4       data     extern C:\MCC18\src\traditional\proc\p18F8722.asm
                  PREINC2   0x000fdc       data     extern C:\MCC18\src\traditional\proc\p18F8722.asm
                     PROD   0x000ff3       data     extern C:\MCC18\src\traditional\proc\p18F8722.asm
                    PRODH   0x000ff4       data     extern C:\MCC18\src\traditional\proc\p18F8722.asm
                    PRODL   0x000ff3       data     extern C:\MCC18\src\traditional\proc\p18F8722.asm
                   PSPCON   0x000fb0       data     extern C:\MCC18\src\traditional\proc\p18F8722.asm
               PSPCONbits   0x000fb0       data     extern C:\MCC18\src\traditional\proc\p18F8722.asm
                   PreStr   0x0003fc       data     static C:\MCC18\src\traditional\stdclib\stokpr.c
                     RCON   0x000fd0       data     extern C:\MCC18\src\traditional\proc\p18F8722.asm
                 RCONbits   0x000fd0       data     extern C:\MCC18\src\traditional\proc\p18F8722.asm
                    RCREG   0x000fae       data     extern C:\MCC18\src\traditional\proc\p18F8722.asm
                   RCREG1   0x000fae       data     extern C:\MCC18\src\traditional\proc\p18F8722.asm
                   RCREG2   0x000f6e       data     extern C:\MCC18\src\traditional\proc\p18F8722.asm
                    RCSTA   0x000fab       data     extern C:\MCC18\src\traditional\proc\p18F8722.asm
                   RCSTA1   0x000fab       data     extern C:\MCC18\src\traditional\proc\p18F8722.asm
               RCSTA1bits   0x000fab       data     extern C:\MCC18\src\traditional\proc\p18F8722.asm
                   RCSTA2   0x000f6b       data     extern C:\MCC18\src\traditional\proc\p18F8722.asm
               RCSTA2bits   0x000f6b       data     extern C:\MCC18\src\traditional\proc\p18F8722.asm
                RCSTAbits   0x000fab       data     extern C:\MCC18\src\traditional\proc\p18F8722.asm
                     SIGN   0x000009       data     extern C:\MCC18\src\traditional\math\cmath18.asm
                    SPBRG   0x000faf       data     extern C:\MCC18\src\traditional\proc\p18F8722.asm
                   SPBRG1   0x000faf       data     extern C:\MCC18\src\traditional\proc\p18F8722.asm
                   SPBRG2   0x000f6f       data     extern C:\MCC18\src\traditional\proc\p18F8722.asm
                   SPBRGH   0x000f7f       data     extern C:\MCC18\src\traditional\proc\p18F8722.asm
                  SPBRGH1   0x000f7f       data     extern C:\MCC18\src\traditional\proc\p18F8722.asm
                  SPBRGH2   0x000f7d       data     extern C:\MCC18\src\traditional\proc\p18F8722.asm
                  SSP1ADD   0x000fc8       data     extern C:\MCC18\src\traditional\proc\p18F8722.asm
                  SSP1BUF   0x000fc9       data     extern C:\MCC18\src\traditional\proc\p18F8722.asm
                 SSP1CON1   0x000fc6       data     extern C:\MCC18\src\traditional\proc\p18F8722.asm
             SSP1CON1bits   0x000fc6       data     extern C:\MCC18\src\traditional\proc\p18F8722.asm
                 SSP1CON2   0x000fc5       data     extern C:\MCC18\src\traditional\proc\p18F8722.asm
             SSP1CON2bits   0x000fc5       data     extern C:\MCC18\src\traditional\proc\p18F8722.asm
                 SSP1STAT   0x000fc7       data     extern C:\MCC18\src\traditional\proc\p18F8722.asm
             SSP1STATbits   0x000fc7       data     extern C:\MCC18\src\traditional\proc\p18F8722.asm
                  SSP2ADD   0x000f65       data     extern C:\MCC18\src\traditional\proc\p18F8722.asm
                  SSP2BUF   0x000f66       data     extern C:\MCC18\src\traditional\proc\p18F8722.asm
                 SSP2CON1   0x000f63       data     extern C:\MCC18\src\traditional\proc\p18F8722.asm
             SSP2CON1bits   0x000f63       data     extern C:\MCC18\src\traditional\proc\p18F8722.asm
                 SSP2CON2   0x000f62       data     extern C:\MCC18\src\traditional\proc\p18F8722.asm
             SSP2CON2bits   0x000f62       data     extern C:\MCC18\src\traditional\proc\p18F8722.asm
                 SSP2STAT   0x000f64       data     extern C:\MCC18\src\traditional\proc\p18F8722.asm
             SSP2STATbits   0x000f64       data     extern C:\MCC18\src\traditional\proc\p18F8722.asm
                   SSPADD   0x000fc8       data     extern C:\MCC18\src\traditional\proc\p18F8722.asm
                   SSPBUF   0x000fc9       data     extern C:\MCC18\src\traditional\proc\p18F8722.asm
                  SSPCON1   0x000fc6       data     extern C:\MCC18\src\traditional\proc\p18F8722.asm
              SSPCON1bits   0x000fc6       data     extern C:\MCC18\src\traditional\proc\p18F8722.asm
                  SSPCON2   0x000fc5       data     extern C:\MCC18\src\traditional\proc\p18F8722.asm
              SSPCON2bits   0x000fc5       data     extern C:\MCC18\src\traditional\proc\p18F8722.asm
                  SSPSTAT   0x000fc7       data     extern C:\MCC18\src\traditional\proc\p18F8722.asm
              SSPSTATbits   0x000fc7       data     extern C:\MCC18\src\traditional\proc\p18F8722.asm
                   STATUS   0x000fd8       data     extern C:\MCC18\src\traditional\proc\p18F8722.asm
               STATUSbits   0x000fd8       data     extern C:\MCC18\src\traditional\proc\p18F8722.asm
                   STKPTR   0x000ffc       data     extern C:\MCC18\src\traditional\proc\p18F8722.asm
               STKPTRbits   0x000ffc       data     extern C:\MCC18\src\traditional\proc\p18F8722.asm
                    T0CON   0x000fd5       data     extern C:\MCC18\src\traditional\proc\p18F8722.asm
                T0CONbits   0x000fd5       data     extern C:\MCC18\src\traditional\proc\p18F8722.asm
                    T1CON   0x000fcd       data     extern C:\MCC18\src\traditional\proc\p18F8722.asm
                T1CONbits   0x000fcd       data     extern C:\MCC18\src\traditional\proc\p18F8722.asm
                    T2CON   0x000fca       data     extern C:\MCC18\src\traditional\proc\p18F8722.asm
                T2CONbits   0x000fca       data     extern C:\MCC18\src\traditional\proc\p18F8722.asm
                    T3CON   0x000fb1       data     extern C:\MCC18\src\traditional\proc\p18F8722.asm
                T3CONbits   0x000fb1       data     extern C:\MCC18\src\traditional\proc\p18F8722.asm
                    T4CON   0x000f76       data     extern C:\MCC18\src\traditional\proc\p18F8722.asm
                T4CONbits   0x000f76       data     extern C:\MCC18\src\traditional\proc\p18F8722.asm
                   TABLAT   0x000ff5       data     extern C:\MCC18\src\traditional\proc\p18F8722.asm
                   TBLPTR   0x000ff6       data     extern C:\MCC18\src\traditional\proc\p18F8722.asm
                  TBLPTRH   0x000ff7       data     extern C:\MCC18\src\traditional\proc\p18F8722.asm
                  TBLPTRL   0x000ff6       data     extern C:\MCC18\src\traditional\proc\p18F8722.asm
                  TBLPTRU   0x000ff8       data     extern C:\MCC18\src\traditional\proc\p18F8722.asm
                    TMR0H   0x000fd7       data     extern C:\MCC18\src\traditional\proc\p18F8722.asm
                    TMR0L   0x000fd6       data     extern C:\MCC18\src\traditional\proc\p18F8722.asm
                    TMR1H   0x000fcf       data     extern C:\MCC18\src\traditional\proc\p18F8722.asm
                    TMR1L   0x000fce       data     extern C:\MCC18\src\traditional\proc\p18F8722.asm
                     TMR2   0x000fcc       data     extern C:\MCC18\src\traditional\proc\p18F8722.asm
                    TMR3H   0x000fb3       data     extern C:\MCC18\src\traditional\proc\p18F8722.asm
                    TMR3L   0x000fb2       data     extern C:\MCC18\src\traditional\proc\p18F8722.asm
                     TMR4   0x000f78       data     extern C:\MCC18\src\traditional\proc\p18F8722.asm
                      TOS   0x000ffd       data     extern C:\MCC18\src\traditional\proc\p18F8722.asm
                     TOSH   0x000ffe       data     extern C:\MCC18\src\traditional\proc\p18F8722.asm
                     TOSL   0x000ffd       data     extern C:\MCC18\src\traditional\proc\p18F8722.asm
                     TOSU   0x000fff       data     extern C:\MCC18\src\traditional\proc\p18F8722.asm
[...]
                 DDREbits   0x000f96       data     extern C:\MCC18\src\traditional\proc\p18F8722.asm
                     DDRE   0x000f96       data     extern C:\MCC18\src\traditional\proc\p18F8722.asm
                TRISEbits   0x000f96       data     extern C:\MCC18\src\traditional\proc\p18F8722.asm
                    TRISE   0x000f96       data     extern C:\MCC18\src\traditional\proc\p18F8722.asm
                 DDRFbits   0x000f97       data     extern C:\MCC18\src\traditional\proc\p18F8722.asm
                     DDRF   0x000f97       data     extern C:\MCC18\src\traditional\proc\p18F8722.asm
                TRISFbits   0x000f97       data     extern C:\MCC18\src\traditional\proc\p18F8722.asm
                    TRISF   0x000f97       data     extern C:\MCC18\src\traditional\proc\p18F8722.asm
                     DDRG   0x000f98       data     extern C:\MCC18\src\traditional\proc\p18F8722.asm
                 DDRGbits   0x000f98       data     extern C:\MCC18\src\traditional\proc\p18F8722.asm
                    TRISG   0x000f98       data     extern C:\MCC18\src\traditional\proc\p18F8722.asm
                TRISGbits   0x000f98       data     extern C:\MCC18\src\traditional\proc\p18F8722.asm
                 DDRHbits   0x000f99       data     extern C:\MCC18\src\traditional\proc\p18F8722.asm
                     DDRH   0x000f99       data     extern C:\MCC18\src\traditional\proc\p18F8722.asm
                TRISHbits   0x000f99       data     extern C:\MCC18\src\traditional\proc\p18F8722.asm
                    TRISH   0x000f99       data     extern C:\MCC18\src\traditional\proc\p18F8722.asm
                TRISJbits   0x000f9a       data     extern C:\MCC18\src\traditional\proc\p18F8722.asm
                    TRISJ   0x000f9a       data     extern C:\MCC18\src\traditional\proc\p18F8722.asm
                 DDRJbits   0x000f9a       data     extern C:\MCC18\src\traditional\proc\p18F8722.asm
                     DDRJ   0x000f9a       data     extern C:\MCC18\src\traditional\proc\p18F8722.asm
                  OSCTUNE   0x000f9b       data     extern C:\MCC18\src\traditional\proc\p18F8722.asm
              OSCTUNEbits   0x000f9b       data     extern C:\MCC18\src\traditional\proc\p18F8722.asm
                   MEMCON   0x000f9c       data     extern C:\MCC18\src\traditional\proc\p18F8722.asm
               MEMCONbits   0x000f9c       data     extern C:\MCC18\src\traditional\proc\p18F8722.asm
                     PIE1   0x000f9d       data     extern C:\MCC18\src\traditional\proc\p18F8722.asm
                 PIE1bits   0x000f9d       data     extern C:\MCC18\src\traditional\proc\p18F8722.asm
                 PIR1bits   0x000f9e       data     extern C:\MCC18\src\traditional\proc\p18F8722.asm
                     PIR1   0x000f9e       data     extern C:\MCC18\src\traditional\proc\p18F8722.asm
                     IPR1   0x000f9f       data     extern C:\MCC18\src\traditional\proc\p18F8722.asm
                 IPR1bits   0x000f9f       data     extern C:\MCC18\src\traditional\proc\p18F8722.asm
                 PIE2bits   0x000fa0       data     extern C:\MCC18\src\traditional\proc\p18F8722.asm
                     PIE2   0x000fa0       data     extern C:\MCC18\src\traditional\proc\p18F8722.asm
                 PIR2bits   0x000fa1       data     extern C:\MCC18\src\traditional\proc\p18F8722.asm
                     PIR2   0x000fa1       data     extern C:\MCC18\src\traditional\proc\p18F8722.asm
                     IPR2   0x000fa2       data     extern C:\MCC18\src\traditional\proc\p18F8722.asm
                 IPR2bits   0x000fa2       data     extern C:\MCC18\src\traditional\proc\p18F8722.asm
                 PIE3bits   0x000fa3       data     extern C:\MCC18\src\traditional\proc\p18F8722.asm
                     PIE3   0x000fa3       data     extern C:\MCC18\src\traditional\proc\p18F8722.asm
                     PIR3   0x000fa4       data     extern C:\MCC18\src\traditional\proc\p18F8722.asm
                 PIR3bits   0x000fa4       data     extern C:\MCC18\src\traditional\proc\p18F8722.asm
                 IPR3bits   0x000fa5       data     extern C:\MCC18\src\traditional\proc\p18F8722.asm
                     IPR3   0x000fa5       data     extern C:\MCC18\src\traditional\proc\p18F8722.asm
                   EECON1   0x000fa6       data     extern C:\MCC18\src\traditional\proc\p18F8722.asm
               EECON1bits   0x000fa6       data     extern C:\MCC18\src\traditional\proc\p18F8722.asm
                   EECON2   0x000fa7       data     extern C:\MCC18\src\traditional\proc\p18F8722.asm
                   EEDATA   0x000fa8       data     extern C:\MCC18\src\traditional\proc\p18F8722.asm
                    EEADR   0x000fa9       data     extern C:\MCC18\src\traditional\proc\p18F8722.asm
                   EEADRH   0x000faa       data     extern C:\MCC18\src\traditional\proc\p18F8722.asm
                RCSTAbits   0x000fab       data     extern C:\MCC18\src\traditional\proc\p18F8722.asm
               RCSTA1bits   0x000fab       data     extern C:\MCC18\src\traditional\proc\p18F8722.asm
                   RCSTA1   0x000fab       data     extern C:\MCC18\src\traditional\proc\p18F8722.asm
                    RCSTA   0x000fab       data     extern C:\MCC18\src\traditional\proc\p18F8722.asm
                TXSTAbits   0x000fac       data     extern C:\MCC18\src\traditional\proc\p18F8722.asm
               TXSTA1bits   0x000fac       data     extern C:\MCC18\src\traditional\proc\p18F8722.asm
                   TXSTA1   0x000fac       data     extern C:\MCC18\src\traditional\proc\p18F8722.asm
                    TXSTA   0x000fac       data     extern C:\MCC18\src\traditional\proc\p18F8722.asm
                    TXREG   0x000fad       data     extern C:\MCC18\src\traditional\proc\p18F8722.asm
                   TXREG1   0x000fad       data     extern C:\MCC18\src\traditional\proc\p18F8722.asm
                   RCREG1   0x000fae       data     extern C:\MCC18\src\traditional\proc\p18F8722.asm
                    RCREG   0x000fae       data     extern C:\MCC18\src\traditional\proc\p18F8722.asm
                   SPBRG1   0x000faf       data     extern C:\MCC18\src\traditional\proc\p18F8722.asm
                    SPBRG   0x000faf       data     extern C:\MCC18\src\traditional\proc\p18F8722.asm
               PSPCONbits   0x000fb0       data     extern C:\MCC18\src\traditional\proc\p18F8722.asm
                   PSPCON   0x000fb0       data     extern C:\MCC18\src\traditional\proc\p18F8722.asm
                T3CONbits   0x000fb1       data     extern C:\MCC18\src\traditional\proc\p18F8722.asm
                    T3CON   0x000fb1       data     extern C:\MCC18\src\traditional\proc\p18F8722.asm
                    TMR3L   0x000fb2       data     extern C:\MCC18\src\traditional\proc\p18F8722.asm
                    TMR3H   0x000fb3       data     extern C:\MCC18\src\traditional\proc\p18F8722.asm
                    CMCON   0x000fb4       data     extern C:\MCC18\src\traditional\proc\p18F8722.asm
                CMCONbits   0x000fb4       data     extern C:\MCC18\src\traditional\proc\p18F8722.asm
                   CVRCON   0x000fb5       data     extern C:\MCC18\src\traditional\proc\p18F8722.asm
               CVRCONbits   0x000fb5       data     extern C:\MCC18\src\traditional\proc\p18F8722.asm
                  ECCP1AS   0x000fb6       data     extern C:\MCC18\src\traditional\proc\p18F8722.asm
              ECCP1ASbits   0x000fb6       data     extern C:\MCC18\src\traditional\proc\p18F8722.asm
                  CCP3CON   0x000fb7       data     extern C:\MCC18\src\traditional\proc\p18F8722.asm
              CCP3CONbits   0x000fb7       data     extern C:\MCC18\src\traditional\proc\p18F8722.asm
                 ECCP3CON   0x000fb7       data     extern C:\MCC18\src\traditional\proc\p18F8722.asm
             ECCP3CONbits   0x000fb7       data     extern C:\MCC18\src\traditional\proc\p18F8722.asm
                   CCPR3L   0x000fb8       data     extern C:\MCC18\src\traditional\proc\p18F8722.asm
                    CCPR3   0x000fb8       data     extern C:\MCC18\src\traditional\proc\p18F8722.asm
                   CCPR3H   0x000fb9       data     extern C:\MCC18\src\traditional\proc\p18F8722.asm
                 ECCP2CON   0x000fba       data     extern C:\MCC18\src\traditional\proc\p18F8722.asm
             ECCP2CONbits   0x000fba       data     extern C:\MCC18\src\traditional\proc\p18F8722.asm
                  CCP2CON   0x000fba       data     extern C:\MCC18\src\traditional\proc\p18F8722.asm
              CCP2CONbits   0x000fba       data     extern C:\MCC18\src\traditional\proc\p18F8722.asm
                    CCPR2   0x000fbb       data     extern C:\MCC18\src\traditional\proc\p18F8722.asm
                   CCPR2L   0x000fbb       data     extern C:\MCC18\src\traditional\proc\p18F8722.asm
                   CCPR2H   0x000fbc       data     extern C:\MCC18\src\traditional\proc\p18F8722.asm
                 ECCP1CON   0x000fbd       data     extern C:\MCC18\src\traditional\proc\p18F8722.asm
              CCP1CONbits   0x000fbd       data     extern C:\MCC18\src\traditional\proc\p18F8722.asm
                  CCP1CON   0x000fbd       data     extern C:\MCC18\src\traditional\proc\p18F8722.asm
             ECCP1CONbits   0x000fbd       data     extern C:\MCC18\src\traditional\proc\p18F8722.asm
                   CCPR1L   0x000fbe       data     extern C:\MCC18\src\traditional\proc\p18F8722.asm
                    CCPR1   0x000fbe       data     extern C:\MCC18\src\traditional\proc\p18F8722.asm
                   CCPR1H   0x000fbf       data     extern C:\MCC18\src\traditional\proc\p18F8722.asm
                   ADCON2   0x000fc0       data     extern C:\MCC18\src\traditional\proc\p18F8722.asm
               ADCON2bits   0x000fc0       data     extern C:\MCC18\src\traditional\proc\p18F8722.asm
               ADCON1bits   0x000fc1       data     extern C:\MCC18\src\traditional\proc\p18F8722.asm
                   ADCON1   0x000fc1       data     extern C:\MCC18\src\traditional\proc\p18F8722.asm
                   ADCON0   0x000fc2       data     extern C:\MCC18\src\traditional\proc\p18F8722.asm
               ADCON0bits   0x000fc2       data     extern C:\MCC18\src\traditional\proc\p18F8722.asm
                    ADRES   0x000fc3       data     extern C:\MCC18\src\traditional\proc\p18F8722.asm
                   ADRESL   0x000fc3       data     extern C:\MCC18\src\traditional\proc\p18F8722.asm
                   ADRESH   0x000fc4       data     extern C:\MCC18\src\traditional\proc\p18F8722.asm
              SSPCON2bits   0x000fc5       data     extern C:\MCC18\src\traditional\proc\p18F8722.asm
                 SSP1CON2   0x000fc5       data     extern C:\MCC18\src\traditional\proc\p18F8722.asm
             SSP1CON2bits   0x000fc5       data     extern C:\MCC18\src\traditional\proc\p18F8722.asm
                  SSPCON2   0x000fc5       data     extern C:\MCC18\src\traditional\proc\p18F8722.asm
                 SSP1CON1   0x000fc6       data     extern C:\MCC18\src\traditional\proc\p18F8722.asm
             SSP1CON1bits   0x000fc6       data     extern C:\MCC18\src\traditional\proc\p18F8722.asm
              SSPCON1bits   0x000fc6       data     extern C:\MCC18\src\traditional\proc\p18F8722.asm
                  SSPCON1   0x000fc6       data     extern C:\MCC18\src\traditional\proc\p18F8722.asm
              SSPSTATbits   0x000fc7       data     extern C:\MCC18\src\traditional\proc\p18F8722.asm
                  SSPSTAT   0x000fc7       data     extern C:\MCC18\src\traditional\proc\p18F8722.asm
             SSP1STATbits   0x000fc7       data     extern C:\MCC18\src\traditional\proc\p18F8722.asm
                 SSP1STAT   0x000fc7       data     extern C:\MCC18\src\traditional\proc\p18F8722.asm
                   SSPADD   0x000fc8       data     extern C:\MCC18\src\traditional\proc\p18F8722.asm
                  SSP1ADD   0x000fc8       data     extern C:\MCC18\src\traditional\proc\p18F8722.asm
                   SSPBUF   0x000fc9       data     extern C:\MCC18\src\traditional\proc\p18F8722.asm
                  SSP1BUF   0x000fc9       data     extern C:\MCC18\src\traditional\proc\p18F8722.asm
                    T2CON   0x000fca       data     extern C:\MCC18\src\traditional\proc\p18F8722.asm
                T2CONbits   0x000fca       data     extern C:\MCC18\src\traditional\proc\p18F8722.asm
                      PR2   0x000fcb       data     extern C:\MCC18\src\traditional\proc\p18F8722.asm
                     TMR2   0x000fcc       data     extern C:\MCC18\src\traditional\proc\p18F8722.asm
                T1CONbits   0x000fcd       data     extern C:\MCC18\src\traditional\proc\p18F8722.asm
                    T1CON   0x000fcd       data     extern C:\MCC18\src\traditional\proc\p18F8722.asm
                    TMR1L   0x000fce       data     extern C:\MCC18\src\traditional\proc\p18F8722.asm
                    TMR1H   0x000fcf       data     extern C:\MCC18\src\traditional\proc\p18F8722.asm
                     RCON   0x000fd0       data     extern C:\MCC18\src\traditional\proc\p18F8722.asm
                 RCONbits   0x000fd0       data     extern C:\MCC18\src\traditional\proc\p18F8722.asm
                   WDTCON   0x000fd1       data     extern C:\MCC18\src\traditional\proc\p18F8722.asm
               WDTCONbits   0x000fd1       data     extern C:\MCC18\src\traditional\proc\p18F8722.asm
                   LVDCON   0x000fd2       data     extern C:\MCC18\src\traditional\proc\p18F8722.asm
               LVDCONbits   0x000fd2       data     extern C:\MCC18\src\traditional\proc\p18F8722.asm
              HLVDCONbits   0x000fd2       data     extern C:\MCC18\src\traditional\proc\p18F8722.asm
                  HLVDCON   0x000fd2       data     extern C:\MCC18\src\traditional\proc\p18F8722.asm
                   OSCCON   0x000fd3       data     extern C:\MCC18\src\traditional\proc\p18F8722.asm
               OSCCONbits   0x000fd3       data     extern C:\MCC18\src\traditional\proc\p18F8722.asm
                T0CONbits   0x000fd5       data     extern C:\MCC18\src\traditional\proc\p18F8722.asm
                    T0CON   0x000fd5       data     extern C:\MCC18\src\traditional\proc\p18F8722.asm
                    TMR0L   0x000fd6       data     extern C:\MCC18\src\traditional\proc\p18F8722.asm
                    TMR0H   0x000fd7       data     extern C:\MCC18\src\traditional\proc\p18F8722.asm
                   STATUS   0x000fd8       data     extern C:\MCC18\src\traditional\proc\p18F8722.asm
               STATUSbits   0x000fd8       data     extern C:\MCC18\src\traditional\proc\p18F8722.asm
                    FSR2L   0x000fd9       data     extern C:\MCC18\src\traditional\proc\p18F8722.asm
                     FSR2   0x000fd9       data     extern C:\MCC18\src\traditional\proc\p18F8722.asm
                    FSR2H   0x000fda       data     extern C:\MCC18\src\traditional\proc\p18F8722.asm
                   PLUSW2   0x000fdb       data     extern C:\MCC18\src\traditional\proc\p18F8722.asm
                  PREINC2   0x000fdc       data     extern C:\MCC18\src\traditional\proc\p18F8722.asm
                 POSTDEC2   0x000fdd       data     extern C:\MCC18\src\traditional\proc\p18F8722.asm
                 POSTINC2   0x000fde       data     extern C:\MCC18\src\traditional\proc\p18F8722.asm
                    INDF2   0x000fdf       data     extern C:\MCC18\src\traditional\proc\p18F8722.asm
                      BSR   0x000fe0       data     extern C:\MCC18\src\traditional\proc\p18F8722.asm
                     FSR1   0x000fe1       data     extern C:\MCC18\src\traditional\proc\p18F8722.asm
                    FSR1L   0x000fe1       data     extern C:\MCC18\src\traditional\proc\p18F8722.asm
                    FSR1H   0x000fe2       data     extern C:\MCC18\src\traditional\proc\p18F8722.asm
                   PLUSW1   0x000fe3       data     extern C:\MCC18\src\traditional\proc\p18F8722.asm
                  PREINC1   0x000fe4       data     extern C:\MCC18\src\traditional\proc\p18F8722.asm
                 POSTDEC1   0x000fe5       data     extern C:\MCC18\src\traditional\proc\p18F8722.asm
                 POSTINC1   0x000fe6       data     extern C:\MCC18\src\traditional\proc\p18F8722.asm
                    INDF1   0x000fe7       data     extern C:\MCC18\src\traditional\proc\p18F8722.asm
                     WREG   0x000fe8       data     extern C:\MCC18\src\traditional\proc\p18F8722.asm
                    FSR0L   0x000fe9       data     extern C:\MCC18\src\traditional\proc\p18F8722.asm
                     FSR0   0x000fe9       data     extern C:\MCC18\src\traditional\proc\p18F8722.asm
                    FSR0H   0x000fea       data     extern C:\MCC18\src\traditional\proc\p18F8722.asm
                   PLUSW0   0x000feb       data     extern C:\MCC18\src\traditional\proc\p18F8722.asm
                  PREINC0   0x000fec       data     extern C:\MCC18\src\traditional\proc\p18F8722.asm
                 POSTDEC0   0x000fed       data     extern C:\MCC18\src\traditional\proc\p18F8722.asm
                 POSTINC0   0x000fee       data     extern C:\MCC18\src\traditional\proc\p18F8722.asm
                    INDF0   0x000fef       data     extern C:\MCC18\src\traditional\proc\p18F8722.asm
              INTCON3bits   0x000ff0       data     extern C:\MCC18\src\traditional\proc\p18F8722.asm
                  INTCON3   0x000ff0       data     extern C:\MCC18\src\traditional\proc\p18F8722.asm
              INTCON2bits   0x000ff1       data     extern C:\MCC18\src\traditional\proc\p18F8722.asm
                  INTCON2   0x000ff1       data     extern C:\MCC18\src\traditional\proc\p18F8722.asm
                   INTCON   0x000ff2       data     extern C:\MCC18\src\traditional\proc\p18F8722.asm
               INTCONbits   0x000ff2       data     extern C:\MCC18\src\traditional\proc\p18F8722.asm
                    PRODL   0x000ff3       data     extern C:\MCC18\src\traditional\proc\p18F8722.asm
                     PROD   0x000ff3       data     extern C:\MCC18\src\traditional\proc\p18F8722.asm
                    PRODH   0x000ff4       data     extern C:\MCC18\src\traditional\proc\p18F8722.asm
                   TABLAT   0x000ff5       data     extern C:\MCC18\src\traditional\proc\p18F8722.asm
                  TBLPTRL   0x000ff6       data     extern C:\MCC18\src\traditional\proc\p18F8722.asm
                   TBLPTR   0x000ff6       data     extern C:\MCC18\src\traditional\proc\p18F8722.asm
                  TBLPTRH   0x000ff7       data     extern C:\MCC18\src\traditional\proc\p18F8722.asm
                  TBLPTRU   0x000ff8       data     extern C:\MCC18\src\traditional\proc\p18F8722.asm
                      PCL   0x000ff9       data     extern C:\MCC18\src\traditional\proc\p18F8722.asm
                       PC   0x000ff9       data     extern C:\MCC18\src\traditional\proc\p18F8722.asm
                   PCLATH   0x000ffa       data     extern C:\MCC18\src\traditional\proc\p18F8722.asm
                   PCLATU   0x000ffb       data     extern C:\MCC18\src\traditional\proc\p18F8722.asm
                   STKPTR   0x000ffc       data     extern C:\MCC18\src\traditional\proc\p18F8722.asm
               STKPTRbits   0x000ffc       data     extern C:\MCC18\src\traditional\proc\p18F8722.asm
                     TOSL   0x000ffd       data     extern C:\MCC18\src\traditional\proc\p18F8722.asm
                      TOS   0x000ffd       data     extern C:\MCC18\src\traditional\proc\p18F8722.asm
                     TOSH   0x000ffe       data     extern C:\MCC18\src\traditional\proc\p18F8722.asm
                     TOSU   0x000fff       data     extern C:\MCC18\src\traditional\proc\p18F8722.asm


